[html.themehour.net/barab/demo/index.html]
[backblue.gif]
[fade.gif]
[index.html]
[html.themehour.net/barab/demo/assets/img/favicons/apple-icon-57x57.png]
[html.themehour.net/barab/demo/assets/img/favicons/apple-icon-60x60.png]
[html.themehour.net/barab/demo/assets/img/favicons/apple-icon-72x72.png]
[html.themehour.net/barab/demo/assets/img/favicons/apple-icon-76x76.png]
[html.themehour.net/barab/demo/assets/img/favicons/apple-icon-114x114.png]
[html.themehour.net/barab/demo/assets/img/favicons/apple-icon-120x120.png]
[html.themehour.net/barab/demo/assets/img/favicons/apple-icon-144x144.png]
[html.themehour.net/barab/demo/assets/img/favicons/apple-icon-152x152.png]
[html.themehour.net/barab/demo/assets/img/favicons/apple-icon-180x180.png]
[html.themehour.net/barab/demo/assets/img/favicons/android-icon-192x192.png]
[html.themehour.net/barab/demo/assets/img/favicons/favicon-32x32.png]
[html.themehour.net/barab/demo/assets/img/favicons/favicon-96x96.png]
[html.themehour.net/barab/demo/assets/img/favicons/favicon-16x16.png]
[html.themehour.net/barab/demo/assets/img/favicons/manifest.json]
[html.themehour.net/barab/demo/assets/img/favicons/ms-icon-144x144.png]
[html.themehour.net/barab/demo/assets/css/app.min.css]
[html.themehour.net/barab/demo/assets/css/fontawesome.min.css]
[html.themehour.net/barab/demo/assets/css/style.css]
[html.themehour.net/barab/demo/index-2.html]
[html.themehour.net/barab/demo/assets/img/logo-icon.svg]
[html.themehour.net/barab/demo/assets/img/product/product_1_1.png]
[html.themehour.net/barab/demo/assets/img/product/product_1_2.png]
[html.themehour.net/barab/demo/assets/img/product/product_1_3.png]
[html.themehour.net/barab/demo/assets/img/product/product_1_4.png]
[html.themehour.net/barab/demo/assets/img/product/product_1_5.png]
[html.themehour.net/barab/demo/cart.html]
[html.themehour.net/barab/demo/checkout.html]
[html.themehour.net/barab/demo/assets/img/logo.svg]
[html.themehour.net/barab/demo/home-2.html]
[html.themehour.net/barab/demo/menu-grid.html]
[html.themehour.net/barab/demo/menu-list.html]
[html.themehour.net/barab/demo/about.html]
[html.themehour.net/barab/demo/shop.html]
[html.themehour.net/barab/demo/shop-details.html]
[html.themehour.net/barab/demo/wishlist.html]
[html.themehour.net/barab/demo/reservation.html]
[html.themehour.net/barab/demo/team.html]
[html.themehour.net/barab/demo/team-details.html]
[html.themehour.net/barab/demo/gallery.html]
[html.themehour.net/barab/demo/faq.html]
[html.themehour.net/barab/demo/testimonials.html]
[html.themehour.net/barab/demo/error.html]
[html.themehour.net/barab/demo/blog.html]
[html.themehour.net/barab/demo/blog-details.html]
[html.themehour.net/barab/demo/contact.html]
[html.themehour.net/barab/demo/assets/img/pages/index.jpg]
[html.themehour.net/barab/demo/assets/img/pages/home-2.jpg]
[html.themehour.net/barab/demo/assets/img/pages/home-3.jpg]
[html.themehour.net/barab/demo/assets/img/icon/hero-1-1.png]
[html.themehour.net/barab/demo/assets/img/icon/hero-1-2.png]
[html.themehour.net/barab/demo/assets/img/icon/hero-1-3.png]
[html.themehour.net/barab/demo/assets/img/icon/hero-1-4.png]
[html.themehour.net/barab/demo/assets/img/icon/hero-1-5.png]
[html.themehour.net/barab/demo/assets/img/bg/hero-1-bg.png]
[html.themehour.net/barab/demo/assets/img/hero/hero-img.png]
[html.themehour.net/barab/demo/assets/img/icon/title-shape.png]
[html.themehour.net/barab/demo/assets/img/icon/cat-1-bottom.png]
[html.themehour.net/barab/demo/assets/img/category/category_1-1.png]
[html.themehour.net/barab/demo/assets/img/category/category_1-2.png]
[html.themehour.net/barab/demo/assets/img/category/category_1-3.png]
[html.themehour.net/barab/demo/assets/img/category/category_1-4.png]
[html.themehour.net/barab/demo/assets/img/category/category_1-5.png]
[html.themehour.net/barab/demo/assets/img/icon/left-arrow.svg]
[html.themehour.net/barab/demo/assets/img/icon/right-arrow.svg]
[html.themehour.net/barab/demo/assets/img/shape/about-shape-1.1.png]
[html.themehour.net/barab/demo/assets/img/shape/about-shape-1.2.png]
[html.themehour.net/barab/demo/assets/img/about/about_1_1.png]
[html.themehour.net/barab/demo/assets/img/bg/menu-1-msk-bg.png]
[html.themehour.net/barab/demo/assets/img/food/food-1-1.png]
[html.themehour.net/barab/demo/assets/img/food/food-1-2.png]
[html.themehour.net/barab/demo/assets/img/food/food-1-3.png]
[html.themehour.net/barab/demo/assets/img/food/food-1-4.png]
[html.themehour.net/barab/demo/assets/img/shape/shape-bottom.png]
[html.themehour.net/barab/demo/assets/img/history/history-main.jpg]
[html.themehour.net/barab/demo/assets/img/icon/title-shape2.png]
[html.themehour.net/barab/demo/assets/img/history/history-sm-1-1.jpg]
[html.themehour.net/barab/demo/assets/img/history/history-sm-1-2.jpg]
[html.themehour.net/barab/demo/assets/img/history/history-sm-1-3.jpg]
[html.themehour.net/barab/demo/assets/img/menu/menu-1-1.jpg]
[html.themehour.net/barab/demo/assets/img/bg/menu-1-msk-bg.jpg]
[html.themehour.net/barab/demo/assets/img/menu/menu-1-item-1-1.jpg]
[html.themehour.net/barab/demo/assets/img/menu/menu-1-item-1-2.jpg]
[html.themehour.net/barab/demo/assets/img/menu/menu-1-item-1-3.jpg]
[html.themehour.net/barab/demo/assets/img/menu/menu-1-item-1-4.jpg]
[html.themehour.net/barab/demo/assets/img/menu/menu-1-item-1-5.jpg]
[html.themehour.net/barab/demo/assets/img/menu/menu-1-item-1-6.jpg]
[html.themehour.net/barab/demo/assets/img/menu/menu-1-2.jpg]
[html.themehour.net/barab/demo/assets/img/bg/gallery-1-mask.png]
[html.themehour.net/barab/demo/assets/img/gallery/gallery_1_1.png]
[html.themehour.net/barab/demo/assets/img/icon/plus-icon.svg]
[html.themehour.net/barab/demo/assets/img/gallery/gallery_1_2.png]
[html.themehour.net/barab/demo/assets/img/gallery/gallery_1_3.png]
[html.themehour.net/barab/demo/assets/img/gallery/gallery_1_4.png]
[html.themehour.net/barab/demo/assets/img/gallery/gallery_1_5.png]
[html.themehour.net/barab/demo/assets/img/shape/shape-top-smoke.png]
[html.themehour.net/barab/demo/assets/img/coming/coming-left-1.png]
[html.themehour.net/barab/demo/assets/img/coming/coming-right.png]
[html.themehour.net/barab/demo/assets/img/team/team_1_1.png]
[html.themehour.net/barab/demo/assets/img/bg/team-1-bg-shape.png]
[html.themehour.net/barab/demo/assets/img/team/team_1_2.png]
[html.themehour.net/barab/demo/assets/img/team/team_1_3.png]
[html.themehour.net/barab/demo/assets/img/team/team_1_4.png]
[html.themehour.net/barab/demo/assets/img/bg/opening-bg-mask.png]
[html.themehour.net/barab/demo/assets/img/bg/opening-1-mask.png]
[html.themehour.net/barab/demo/assets/img/opening/opening-1-left.jpg]
[html.themehour.net/barab/demo/assets/img/icon/testi-top-1-1.png]
[html.themehour.net/barab/demo/assets/img/icon/testi-top-1-2.png]
[html.themehour.net/barab/demo/assets/img/testimonial/testi-1-1.png]
[html.themehour.net/barab/demo/assets/img/icon/testi-1-quote.png]
[html.themehour.net/barab/demo/assets/img/testimonial/testi-1-2.png]
[html.themehour.net/barab/demo/assets/img/icon/blog-1-1.png]
[html.themehour.net/barab/demo/assets/img/icon/blog-1-2.png]
[html.themehour.net/barab/demo/assets/img/icon/blog-1-3.png]
[html.themehour.net/barab/demo/assets/img/blog/blog_1_1.jpg]
[html.themehour.net/barab/demo/assets/img/blog/blog_1_2.jpg]
[html.themehour.net/barab/demo/assets/img/blog/blog_1_3.jpg]
[html.themehour.net/barab/demo/assets/img/icon/cta-1-top.png]
[html.themehour.net/barab/demo/assets/img/bg/cta-bg-1-1.png]
[html.themehour.net/barab/demo/assets/img/cta/cta-1-img.png]
[html.themehour.net/barab/demo/assets/img/icon/footer-1-1.png]
[html.themehour.net/barab/demo/assets/img/icon/footer-1-11.png]
[html.themehour.net/barab/demo/assets/img/icon/footer-1-2.png]
[html.themehour.net/barab/demo/assets/img/icon/footer-1-22.png]
[html.themehour.net/barab/demo/assets/img/icon/footer-1-3.png]
[html.themehour.net/barab/demo/assets/img/icon/footer-1-33.png]
[html.themehour.net/barab/demo/assets/img/icon/footer-1-4.png]
[html.themehour.net/barab/demo/assets/img/icon/footer-1-5.png]
[html.themehour.net/barab/demo/assets/img/bg/footer-1-open-border.png]
[html.themehour.net/barab/demo/assets/img/logo-white.svg]
[html.themehour.net/barab/demo/assets/js/vendor/jquery-3.7.1.min.js]
[html.themehour.net/barab/demo/assets/js/gsap.min.js]
[html.themehour.net/barab/demo/assets/js/lenis.min.js]
[html.themehour.net/barab/demo/assets/js/app.min.js]
[html.themehour.net/barab/demo/assets/js/wow.min.js]
[html.themehour.net/barab/demo/index.html]
[html.themehour.net/barab/demo/assets/css/app.min.css]
[html.themehour.net/barab/demo/assets/js/main.js]
[html.themehour.net/barab/demo/assets/fonts/fontawesome/fa-brands-400.woff2]
[html.themehour.net/barab/demo/assets/fonts/fontawesome/fa-duotone-900.woff2]
[html.themehour.net/barab/demo/assets/fonts/fontawesome/fa-brands-400.ttf]
[html.themehour.net/barab/demo/assets/fonts/fontawesome/fa-light-300.woff2]
[html.themehour.net/barab/demo/assets/fonts/fontawesome/fa-regular-400.woff2]
[html.themehour.net/barab/demo/assets/fonts/fontawesome/fa-duotone-900.ttf]
[html.themehour.net/barab/demo/assets/fonts/fontawesome/fa-light-300.ttf]
[html.themehour.net/barab/demo/assets/fonts/fontawesome/fa-solid-900.woff2]
[html.themehour.net/barab/demo/assets/fonts/fontawesome/fa-thin-100.woff2]
[html.themehour.net/barab/demo/assets/fonts/fontawesome/fa-regular-400.ttf]
[html.themehour.net/barab/demo/assets/css/fontawesome.min.css]
[html.themehour.net/barab/demo/assets/img/theme-img/btn-shape.png]
[html.themehour.net/barab/demo/assets/fonts/fontawesome/fa-thin-100.ttf]
[html.themehour.net/barab/demo/assets/fonts/fontawesome/fa-solid-900.ttf]
[html.themehour.net/barab/demo/assets/css/style.css]
[html.themehour.net/barab/demo/index-2.html]
[html.themehour.net/barab/demo/assets/img/logo-icon.svg]
[html.themehour.net/barab/demo/assets/img/bg/breadcumb-bg.jpg]
[html.themehour.net/barab/demo/assets/img/footer/footer-left.png]
[html.themehour.net/barab/demo/assets/img/shape/footer-top.png]
[html.themehour.net/barab/demo/assets/img/icon/f-title-icon.png]
[html.themehour.net/barab/demo/assets/img/icon/f-app-store.png]
[html.themehour.net/barab/demo/assets/img/icon/f-google-store.png]
[html.themehour.net/barab/demo/assets/img/icon/f-card.png]
[html.themehour.net/barab/demo/cart.html]
[html.themehour.net/barab/demo/checkout.html]
[html.themehour.net/barab/demo/assets/img/logo.svg]
[html.themehour.net/barab/demo/assets/img/icon/hero-2-1.png]
[html.themehour.net/barab/demo/assets/img/icon/hero-2-2.png]
[html.themehour.net/barab/demo/assets/img/icon/hero-2-3.png]
[html.themehour.net/barab/demo/assets/img/hero/hero-2-1.png]
[html.themehour.net/barab/demo/assets/img/hero/hero-2-2.png]
[html.themehour.net/barab/demo/assets/img/hero/hero-2-3.png]
[html.themehour.net/barab/demo/assets/img/icon/cate-2-1.png]
[html.themehour.net/barab/demo/assets/img/icon/cate-2-2.png]
[html.themehour.net/barab/demo/assets/img/icon/progress-2-1.png]
[html.themehour.net/barab/demo/assets/img/icon/progress-2-2.png]
[html.themehour.net/barab/demo/assets/img/icon/progress-2-3.png]
[html.themehour.net/barab/demo/assets/img/icon/prog-2-circle.png]
[html.themehour.net/barab/demo/assets/img/icon/process-arrow-icon.png]
[html.themehour.net/barab/demo/assets/img/process/process-2-1.jpg]
[html.themehour.net/barab/demo/assets/img/process/process-2-2.jpg]
[html.themehour.net/barab/demo/assets/img/category/category_2-1.png]
[html.themehour.net/barab/demo/assets/img/category/category_2-2.png]
[html.themehour.net/barab/demo/assets/img/category/category_2-3.png]
[html.themehour.net/barab/demo/assets/img/category/category_2-4.png]
[html.themehour.net/barab/demo/assets/img/shape/best-deal-2-top.png]
[html.themehour.net/barab/demo/assets/img/menu/menu-2-1.jpg]
[html.themehour.net/barab/demo/assets/img/menu/menu-2-2.jpg]
[html.themehour.net/barab/demo/assets/img/bg/food-delivery-bg.png]
[html.themehour.net/barab/demo/assets/img/bg/order-shape-1.png]
[html.themehour.net/barab/demo/assets/img/shape/order-shape-long.png]
[html.themehour.net/barab/demo/assets/img/order/order-online-1.png]
[html.themehour.net/barab/demo/assets/img/cta/cta-bg-2-1.png]
[html.themehour.net/barab/demo/assets/img/cta/card-content-2-1.png]
[html.themehour.net/barab/demo/assets/img/cta/card-thumb-2-1.png]
[html.themehour.net/barab/demo/assets/img/cta/cta-bg-2-2.png]
[html.themehour.net/barab/demo/assets/img/cta/card-thumb-2-2.png]
[html.themehour.net/barab/demo/assets/img/shape/res-pizz-shape.png]
[html.themehour.net/barab/demo/assets/img/reservation/reservation-thumb-1.jpg]
[html.themehour.net/barab/demo/assets/img/shape/testi-2-right.png]
[html.themehour.net/barab/demo/assets/img/shape/testi-2-bottom.png]
[html.themehour.net/barab/demo/assets/img/icon/testi-3-quote.png]
[html.themehour.net/barab/demo/assets/img/testimonial/testi-2-left-1.png]
[html.themehour.net/barab/demo/assets/img/testimonial/testi-2-left-2.png]
[html.themehour.net/barab/demo/assets/img/icon/blog-2-1.png]
[html.themehour.net/barab/demo/assets/img/icon/blog-2-2.png]
[html.themehour.net/barab/demo/assets/img/blog/blog_2_1.jpg]
[html.themehour.net/barab/demo/assets/img/blog/blog_2_2.jpg]
[html.themehour.net/barab/demo/assets/img/blog/blog_2_3.jpg]
[html.themehour.net/barab/demo/assets/img/blog/blog_2_4.jpg]
[html.themehour.net/barab/demo/assets/img/bg/insta-bg-shape.png]
[html.themehour.net/barab/demo/assets/img/insta/insta1-1.jpg]
[html.themehour.net/barab/demo/assets/img/insta/insta1-2.jpg]
[html.themehour.net/barab/demo/assets/img/insta/insta1-3.jpg]
[html.themehour.net/barab/demo/assets/img/insta/insta1-4.jpg]
[html.themehour.net/barab/demo/assets/img/insta/insta1-5.jpg]
[html.themehour.net/barab/demo/assets/img/shape/location-left.png]
[html.themehour.net/barab/demo/assets/img/shape/location-right.png]
[html.themehour.net/barab/demo/home-2.html]
[html.themehour.net/barab/demo/assets/img/food/food-1-5.png]
[html.themehour.net/barab/demo/assets/img/food/food-1-6.png]
[html.themehour.net/barab/demo/assets/img/food/food-1-7.png]
[html.themehour.net/barab/demo/assets/img/food/food-1-8.png]
[html.themehour.net/barab/demo/assets/img/shape/shape-top.png]
[html.themehour.net/barab/demo/menu-grid.html]
[html.themehour.net/barab/demo/assets/img/bg/menu-list-mask-bg.png]
[html.themehour.net/barab/demo/menu-list.html]
[html.themehour.net/barab/demo/assets/img/bg/about-feat-bg.png]
[html.themehour.net/barab/demo/assets/img/icon/features-1-1.svg]
[html.themehour.net/barab/demo/assets/img/icon/features-1-2.svg]
[html.themehour.net/barab/demo/assets/img/icon/features-1-3.svg]
[html.themehour.net/barab/demo/assets/img/bg/process-sec-2-bg-mask.png]
[html.themehour.net/barab/demo/assets/img/bg/process-sec-2-bg-inner.png]
[html.themehour.net/barab/demo/assets/img/process/process-3-1.png]
[html.themehour.net/barab/demo/assets/img/process/process-3-2.png]
[html.themehour.net/barab/demo/assets/img/process/process-3-3.png]
[html.themehour.net/barab/demo/assets/img/team/team_1_5.png]
[html.themehour.net/barab/demo/assets/img/team/team_1_6.png]
[html.themehour.net/barab/demo/assets/img/team/team_1_7.png]
[html.themehour.net/barab/demo/assets/img/team/team_1_8.png]
[html.themehour.net/barab/demo/assets/img/shape/why-shape-1.png]
[html.themehour.net/barab/demo/assets/img/shape/why-shape-2.png]
[html.themehour.net/barab/demo/assets/img/shape/why-shape-3.png]
[html.themehour.net/barab/demo/assets/img/shape/why-shape-4.png]
[html.themehour.net/barab/demo/assets/img/icon/why-inner-icon-1-1.svg]
[html.themehour.net/barab/demo/assets/img/icon/why-inner-icon-1-2.svg]
[html.themehour.net/barab/demo/assets/img/icon/why-inner-icon-1-3.svg]
[html.themehour.net/barab/demo/assets/img/why/why-right.png]
[html.themehour.net/barab/demo/assets/img/shape/reservi-inner-right.png]
[html.themehour.net/barab/demo/assets/img/shape/team-inner-right.png]
[html.themehour.net/barab/demo/about.html]
[html.themehour.net/barab/demo/assets/img/product/product_details_1_1.png]
[html.themehour.net/barab/demo/assets/img/product/product_1_6.png]
[html.themehour.net/barab/demo/assets/img/product/product_1_7.png]
[html.themehour.net/barab/demo/assets/img/product/product_1_8.png]
[html.themehour.net/barab/demo/assets/img/product/product_1_9.png]
[html.themehour.net/barab/demo/assets/img/product/product_1_10.png]
[html.themehour.net/barab/demo/assets/img/product/product_1_11.png]
[html.themehour.net/barab/demo/assets/img/product/product_1_12.png]
[html.themehour.net/barab/demo/shop.html]
[html.themehour.net/barab/demo/assets/img/blog/comment-author-1.jpg]
[html.themehour.net/barab/demo/assets/img/blog/comment-author-2.jpg]
[html.themehour.net/barab/demo/assets/img/blog/comment-author-3.jpg]
[html.themehour.net/barab/demo/assets/img/blog/comment-author-4.jpg]
[html.themehour.net/barab/demo/shop-details.html]
[html.themehour.net/barab/demo/wishlist.html]
[html.themehour.net/barab/demo/reservation.html]
[html.themehour.net/barab/demo/team.html]
[html.themehour.net/barab/demo/assets/img/team/team_inner_1.png]
[html.themehour.net/barab/demo/assets/img/icon/team_call.svg]
[html.themehour.net/barab/demo/assets/img/icon/team_email.svg]
[html.themehour.net/barab/demo/assets/img/food/signature-dishes-1.1.png]
[html.themehour.net/barab/demo/assets/img/food/signature-dishes-1.2.png]
[html.themehour.net/barab/demo/assets/img/food/signature-dishes-1.3.png]
[html.themehour.net/barab/demo/team-details.html]
[html.themehour.net/barab/demo/assets/img/gallery/gallery_1_6.png]
[html.themehour.net/barab/demo/gallery.html]
[html.themehour.net/barab/demo/faq.html]
[html.themehour.net/barab/demo/testimonials.html]
[html.themehour.net/barab/demo/error.html]
[html.themehour.net/barab/demo/assets/img/blog/blog-s-1-1.jpg]
[html.themehour.net/barab/demo/assets/img/blog/blog-s-1-2.jpg]
[html.themehour.net/barab/demo/assets/img/blog/blog-s-1-4.jpg]
[html.themehour.net/barab/demo/assets/img/blog/blog-s-1-3.jpg]
[html.themehour.net/barab/demo/assets/img/blog/recent-post-1-1.jpg]
[html.themehour.net/barab/demo/assets/img/blog/recent-post-1-2.jpg]
[html.themehour.net/barab/demo/assets/img/blog/recent-post-1-3.jpg]
[html.themehour.net/barab/demo/assets/img/widget/sidebar-banner.jpg]
[html.themehour.net/barab/demo/blog.html]
[html.themehour.net/barab/demo/assets/img/blog/blog_inner_1.jpg]
[html.themehour.net/barab/demo/assets/img/blog/blog_inner_2.jpg]
[html.themehour.net/barab/demo/assets/img/blog/blog_inner_3.jpg]
[html.themehour.net/barab/demo/assets/img/icon/btn-top-arrow.svg]
[html.themehour.net/barab/demo/blog-details.html]
[html.themehour.net/barab/demo/assets/img/icon/contact-info-icon.png]
[html.themehour.net/barab/demo/assets/img/icon/contact-map.svg]
[html.themehour.net/barab/demo/contact.html]
[html.themehour.net/barab/demo/assets/img/icon/left-arrow.svg]
[html.themehour.net/barab/demo/assets/img/icon/right-arrow.svg]
[html.themehour.net/barab/demo/assets/img/icon/plus-icon.svg]
[html.themehour.net/barab/demo/assets/img/logo-white.svg]
[html.themehour.net/barab/demo/assets/img/shape/star.html]
[html.themehour.net/barab/demo/assets/img/icon/dumbbell_icon.html]
[html.themehour.net/barab/demo/service.html]
[html.themehour.net/barab/demo/assets/img/icon/features-1-1.svg]
[html.themehour.net/barab/demo/assets/img/icon/features-1-2.svg]
[html.themehour.net/barab/demo/assets/img/icon/features-1-3.svg]
[html.themehour.net/barab/demo/assets/img/icon/why-inner-icon-1-1.svg]
[html.themehour.net/barab/demo/assets/img/icon/why-inner-icon-1-2.svg]
[html.themehour.net/barab/demo/assets/img/icon/why-inner-icon-1-3.svg]
[html.themehour.net/barab/demo/assets/img/icon/team_call.svg]
[html.themehour.net/barab/demo/assets/img/icon/team_email.svg]
[html.themehour.net/barab/demo/assets/img/theme-img/error.svg]
[html.themehour.net/barab/demo/assets/img/theme-img/error.svg]
[html.themehour.net/barab/demo/assets/img/icon/btn-top-arrow.svg]
[html.themehour.net/barab/demo/assets/img/icon/contact-map.svg]
