[themes.pixelstrap.net/zomo/landing/frontend/index.html]
[backblue.gif]
[fade.gif]
[index.html]
[themes.pixelstrap.net/zomo/landing/frontend/assets/images/logo/favicon.png]
[themes.pixelstrap.net/zomo/landing/frontend/assets/css/vendors/swiper-bundle.min.css]
[themes.pixelstrap.net/zomo/landing/frontend/assets/css/vendors/bootstrap.css]
[themes.pixelstrap.net/zomo/landing/frontend/assets/css/vendors/remixicon.css]
[themes.pixelstrap.net/zomo/landing/frontend/index-2.html]
[themes.pixelstrap.net/zomo/landing/frontend/assets/css/style.css]
[themes.pixelstrap.net/zomo/landing/frontend/assets/images/svg/logo.svg]
[themes.pixelstrap.net/zomo/landing/frontend/assets/images/icons/p5.png]
[themes.pixelstrap.net/zomo/landing/frontend/contact.html]
[themes.pixelstrap.net/zomo/landing/frontend/assets/images/gif/food.gif]
[themes.pixelstrap.net/zomo/landing/frontend/restaurant-listing.html]
[themes.pixelstrap.net/zomo/landing/frontend/offer.html]
[themes.pixelstrap.net/zomo/landing/frontend/assets/images/product/vp-3.png]
[themes.pixelstrap.net/zomo/landing/frontend/assets/images/product/vp-2.png]
[themes.pixelstrap.net/zomo/landing/frontend/assets/images/product/vp-4.png]
[themes.pixelstrap.net/zomo/landing/frontend/assets/images/product/vp-5.png]
[themes.pixelstrap.net/zomo/landing/frontend/assets/images/product/vp-6.png]
[themes.pixelstrap.net/zomo/landing/frontend/checkout.html]
[themes.pixelstrap.net/zomo/landing/frontend/profile.html]
[themes.pixelstrap.net/zomo/landing/frontend/my-order.html]
[themes.pixelstrap.net/zomo/landing/frontend/saved-address.html]
[themes.pixelstrap.net/zomo/landing/frontend/saved-card.html]
[themes.pixelstrap.net/zomo/landing/frontend/setting.html]
[themes.pixelstrap.net/zomo/landing/frontend/signin.html]
[themes.pixelstrap.net/zomo/landing/frontend/assets/images/demo/1.png]
[themes.pixelstrap.net/zomo/landing/frontend/index2.html]
[themes.pixelstrap.net/zomo/landing/frontend/assets/images/demo/2.png]
[themes.pixelstrap.net/zomo/landing/frontend/index5.html]
[themes.pixelstrap.net/zomo/landing/frontend/assets/images/demo/3.png]
[themes.pixelstrap.net/zomo/landing/frontend/index4.html]
[themes.pixelstrap.net/zomo/landing/frontend/assets/images/demo/4.png]
[themes.pixelstrap.net/zomo/landing/frontend/index3.html]
[themes.pixelstrap.net/zomo/landing/frontend/assets/images/demo/5.png]
[themes.pixelstrap.net/zomo/landing/frontend/menu-listing.html]
[themes.pixelstrap.net/zomo/landing/frontend/menu-grid.html]
[themes.pixelstrap.net/zomo/landing/frontend/address.html]
[themes.pixelstrap.net/zomo/landing/frontend/confirm-order.html]
[themes.pixelstrap.net/zomo/landing/frontend/order-tracking.html]
[themes.pixelstrap.net/zomo/landing/frontend/payment.html]
[themes.pixelstrap.net/zomo/landing/frontend/blog-grid-left-sidebar.html]
[themes.pixelstrap.net/zomo/landing/frontend/blog-grid-right-sidebar.html]
[themes.pixelstrap.net/zomo/landing/frontend/blog-list.html]
[themes.pixelstrap.net/zomo/landing/frontend/blog-details.html]
[themes.pixelstrap.net/zomo/landing/frontend/404.html]
[themes.pixelstrap.net/zomo/landing/frontend/coming-soon.html]
[themes.pixelstrap.net/zomo/landing/frontend/empty-cart.html]
[themes.pixelstrap.net/zomo/landing/frontend/faq.html]
[themes.pixelstrap.net/zomo/landing/frontend/otp.html]
[themes.pixelstrap.net/zomo/landing/frontend/signup.html]
[themes.pixelstrap.net/zomo/landing/frontend/testimonial.html]
[themes.pixelstrap.net/zomo/landing/frontend/wishlist.html]
[themes.pixelstrap.net/zomo/landing/frontend/assets/images/svg/routing.svg]
[themes.pixelstrap.net/zomo/landing/frontend/assets/images/svg/3d-rotate.svg]
[themes.pixelstrap.net/zomo/landing/frontend/assets/images/svg/truck.svg]
[themes.pixelstrap.net/zomo/landing/frontend/assets/images/scooter.png]
[themes.pixelstrap.net/zomo/landing/frontend/assets/images/product/p-1.png]
[themes.pixelstrap.net/zomo/landing/frontend/assets/images/product/p-2.png]
[themes.pixelstrap.net/zomo/landing/frontend/assets/images/product/p-3.png]
[themes.pixelstrap.net/zomo/landing/frontend/assets/images/product/p-5.png]
[themes.pixelstrap.net/zomo/landing/frontend/assets/images/product/p-6.png]
[themes.pixelstrap.net/zomo/landing/frontend/assets/images/product/p-7.png]
[themes.pixelstrap.net/zomo/landing/frontend/assets/images/product/p-8.png]
[themes.pixelstrap.net/zomo/landing/frontend/assets/images/product/p-9.png]
[themes.pixelstrap.net/zomo/landing/frontend/assets/images/product/p-10.png]
[themes.pixelstrap.net/zomo/landing/frontend/assets/images/product/p-11.png]
[themes.pixelstrap.net/zomo/landing/frontend/assets/images/product/p-12.png]
[themes.pixelstrap.net/zomo/landing/frontend/assets/images/product/p-13.png]
[themes.pixelstrap.net/zomo/landing/frontend/assets/images/product/p-14.png]
[themes.pixelstrap.net/zomo/landing/frontend/assets/images/product/p-15.png]
[themes.pixelstrap.net/zomo/landing/frontend/assets/images/product/p-16.png]
[themes.pixelstrap.net/zomo/landing/frontend/assets/images/product/p-17.png]
[themes.pixelstrap.net/zomo/landing/frontend/assets/images/product/p-18.png]
[themes.pixelstrap.net/zomo/landing/frontend/assets/images/product/p-19.png]
[themes.pixelstrap.net/zomo/landing/frontend/assets/images/product/p-20.png]
[themes.pixelstrap.net/zomo/landing/frontend/assets/images/banner/banner1.jpg]
[themes.pixelstrap.net/zomo/landing/frontend/assets/images/banner/banner2.jpg]
[themes.pixelstrap.net/zomo/landing/frontend/assets/images/banner/banner3.jpg]
[themes.pixelstrap.net/zomo/landing/frontend/assets/images/banner/banner4.jpg]
[themes.pixelstrap.net/zomo/landing/frontend/assets/images/banner/banner5.jpg]
[themes.pixelstrap.net/zomo/landing/frontend/assets/images/svg/item4.svg]
[themes.pixelstrap.net/zomo/landing/frontend/assets/images/icons/brand1.png]
[themes.pixelstrap.net/zomo/landing/frontend/assets/images/icons/brand2.png]
[themes.pixelstrap.net/zomo/landing/frontend/assets/images/icons/brand3.png]
[themes.pixelstrap.net/zomo/landing/frontend/assets/images/icons/brand4.png]
[themes.pixelstrap.net/zomo/landing/frontend/assets/images/icons/brand5.png]
[themes.pixelstrap.net/zomo/landing/frontend/assets/images/icons/brand6.png]
[themes.pixelstrap.net/zomo/landing/frontend/assets/images/icons/brand7.png]
[themes.pixelstrap.net/zomo/landing/frontend/assets/images/icons/brand8.png]
[themes.pixelstrap.net/zomo/landing/frontend/assets/images/icons/brand9.png]
[themes.pixelstrap.net/zomo/landing/frontend/assets/images/icons/brand10.png]
[themes.pixelstrap.net/zomo/landing/frontend/assets/images/icons/brand11.png]
[themes.pixelstrap.net/zomo/landing/frontend/assets/images/svg/item5.svg]
[themes.pixelstrap.net/zomo/landing/frontend/assets/images/product/vp-1.png]
[themes.pixelstrap.net/zomo/landing/frontend/assets/images/svg/star-white.svg]
[themes.pixelstrap.net/zomo/landing/frontend/assets/images/svg/crown.svg]
[themes.pixelstrap.net/zomo/landing/frontend/assets/images/product/vp-7.png]
[themes.pixelstrap.net/zomo/landing/frontend/assets/images/svg/medal-fill.svg]
[themes.pixelstrap.net/zomo/landing/frontend/assets/images/product/vp-8.png]
[themes.pixelstrap.net/zomo/landing/frontend/assets/images/product/vp-9.png]
[themes.pixelstrap.net/zomo/landing/frontend/assets/images/product/vp-10.png]
[themes.pixelstrap.net/zomo/landing/frontend/assets/images/product/vp-11.png]
[themes.pixelstrap.net/zomo/landing/frontend/assets/images/product/vp-12.png]
[themes.pixelstrap.net/zomo/landing/frontend/assets/images/product/vp-13.png]
[themes.pixelstrap.net/zomo/landing/frontend/assets/images/product/vp-14.png]
[themes.pixelstrap.net/zomo/landing/frontend/assets/images/product/vp-15.png]
[themes.pixelstrap.net/zomo/landing/frontend/assets/images/product/vp-16.png]
[themes.pixelstrap.net/zomo/landing/frontend/assets/images/service-phone.png]
[themes.pixelstrap.net/zomo/landing/frontend/assets/images/svg/app-store.svg]
[themes.pixelstrap.net/zomo/landing/frontend/assets/images/svg/google-play.svg]
[themes.pixelstrap.net/zomo/landing/frontend/about.html]
[themes.pixelstrap.net/zomo/landing/frontend/assets/images/icons/footer-card.png]
[themes.pixelstrap.net/zomo/landing/frontend/assets/js/bootstrap.bundle.min.js]
[themes.pixelstrap.net/zomo/landing/frontend/assets/js/footer-accordion.js]
[themes.pixelstrap.net/zomo/landing/frontend/assets/js/loader.js]
[themes.pixelstrap.net/zomo/landing/frontend/assets/js/swiper-bundle.min.js]
[themes.pixelstrap.net/zomo/landing/frontend/assets/js/custom-swiper.js]
[themes.pixelstrap.net/zomo/landing/frontend/index.html]
[themes.pixelstrap.net/zomo/landing/frontend/assets/js/script.js]
[themes.pixelstrap.net/zomo/landing/frontend/assets/css/vendors/bootstrap.css]
[themes.pixelstrap.net/zomo/landing/frontend/assets/css/vendors/swiper-bundle.min.css]
[themes.pixelstrap.net/zomo/landing/frontend/assets/fonts/remixicon117c.eot]
[themes.pixelstrap.net/zomo/landing/frontend/assets/fonts/remixicon117c.woff2]
[themes.pixelstrap.net/zomo/landing/frontend/assets/fonts/remixicon117c.woff]
[themes.pixelstrap.net/zomo/landing/frontend/assets/fonts/remixicon117c.ttf]
[themes.pixelstrap.net/zomo/landing/frontend/assets/css/vendors/remixicon.css]
[themes.pixelstrap.net/zomo/landing/frontend/assets/fonts/remixicon117c.svg]
[themes.pixelstrap.net/zomo/landing/frontend/assets/images/noice.jpg]
[themes.pixelstrap.net/zomo/landing/frontend/assets/images/svg/highlight-sm.svg]
[themes.pixelstrap.com/zomo-app-landing/assets/images/background/home-bg.jpg]
[themes.pixelstrap.net/zomo/landing/frontend/assets/images/background/bg.jpg]
[themes.pixelstrap.net/zomo/landing/frontend/assets/images/background/app-bg.jpg]
[themes.pixelstrap.net/zomo/landing/frontend/assets/images/background/sm-app-bg.jpg]
[themes.pixelstrap.net/zomo/landing/frontend/assets/images/sidebanner.png]
[themes.pixelstrap.net/zomo/landing/frontend/assets/images/home-bg.png]
[themes.pixelstrap.net/zomo/landing/frontend/assets/images/background/home-bg.jpg]
[themes.pixelstrap.net/zomo/landing/frontend/assets/images/coming-soon.jpg]
[themes.pixelstrap.net/zomo/landing/frontend/assets/images/smoke.png]
[themes.pixelstrap.net/zomo/landing/frontend/assets/css/style.css]
[themes.pixelstrap.net/zomo/landing/frontend/index-2.html]
[themes.pixelstrap.net/zomo/landing/frontend/assets/images/svg/logo.svg]
[themes.pixelstrap.net/zomo/landing/frontend/contact.html]
[themes.pixelstrap.net/zomo/landing/frontend/restaurant-listing.html]
[themes.pixelstrap.net/zomo/landing/frontend/assets/images/icons/google-pay.png]
[themes.pixelstrap.net/zomo/landing/frontend/assets/images/svg/coupon-bottom.svg]
[themes.pixelstrap.net/zomo/landing/frontend/assets/images/icons/amex.png]
[themes.pixelstrap.net/zomo/landing/frontend/assets/images/icons/amazon.png]
[themes.pixelstrap.net/zomo/landing/frontend/assets/images/icons/apple_pay.png]
[themes.pixelstrap.net/zomo/landing/frontend/assets/images/icons/paypal.png]
[themes.pixelstrap.net/zomo/landing/frontend/assets/images/icons/visa.png]
[themes.pixelstrap.net/zomo/landing/frontend/assets/images/icons/sepa.png]
[themes.pixelstrap.net/zomo/landing/frontend/assets/images/icons/mastercard.png]
[themes.pixelstrap.net/zomo/landing/frontend/assets/images/icons/svg/hdfc.svg]
[themes.pixelstrap.net/zomo/landing/frontend/assets/images/svg/coupon-right.svg]
[themes.pixelstrap.net/zomo/landing/frontend/assets/images/icons/svg/b2b.svg]
[themes.pixelstrap.net/zomo/landing/frontend/offer.html]
[themes.pixelstrap.net/zomo/landing/frontend/assets/images/icons/svg/cibc.svg]
[themes.pixelstrap.net/zomo/landing/frontend/assets/images/svg/user.svg]
[themes.pixelstrap.net/zomo/landing/frontend/assets/images/svg/location.svg]
[themes.pixelstrap.net/zomo/landing/frontend/assets/images/icons/svg/american.svg]
[themes.pixelstrap.net/zomo/landing/frontend/assets/images/svg/wallet-add.svg]
[themes.pixelstrap.net/zomo/landing/frontend/assets/images/svg/verify.svg]
[themes.pixelstrap.net/zomo/landing/frontend/assets/images/account.svg]
[themes.pixelstrap.net/zomo/landing/frontend/assets/images/svg/dots-design.svg]
[themes.pixelstrap.net/zomo/landing/frontend/checkout.html]
[themes.pixelstrap.net/zomo/landing/frontend/profile.html]
[themes.pixelstrap.net/zomo/landing/frontend/assets/images/svg/placed.svg]
[themes.pixelstrap.net/zomo/landing/frontend/assets/images/svg/user-map.svg]
[themes.pixelstrap.net/zomo/landing/frontend/my-order.html]
[themes.pixelstrap.net/zomo/landing/frontend/saved-address.html]
[themes.pixelstrap.net/zomo/landing/frontend/assets/images/svg/network.svg]
[themes.pixelstrap.net/zomo/landing/frontend/saved-card.html]
[themes.pixelstrap.net/zomo/landing/frontend/setting.html]
[themes.pixelstrap.net/zomo/landing/frontend/signin.html]
[themes.pixelstrap.net/zomo/landing/frontend/assets/images/svg/Chip.svg]
[themes.pixelstrap.net/zomo/landing/frontend/assets/images/home-vector.png]
[themes.pixelstrap.net/zomo/landing/frontend/assets/images/popcorn.png]
[themes.pixelstrap.net/zomo/landing/frontend/index2.html]
[themes.pixelstrap.net/zomo/landing/frontend/assets/images/home-bg3.jpg]
[themes.pixelstrap.net/zomo/landing/frontend/assets/images/1.png]
[themes.pixelstrap.net/zomo/landing/frontend/assets/images/2.png]
[themes.pixelstrap.net/zomo/landing/frontend/assets/images/svg/marquee.svg]
[themes.pixelstrap.net/zomo/landing/frontend/assets/images/product/1.jpg]
[themes.pixelstrap.net/zomo/landing/frontend/assets/images/product/2.jpg]
[themes.pixelstrap.net/zomo/landing/frontend/assets/images/product/3.jpg]
[themes.pixelstrap.net/zomo/landing/frontend/assets/images/product/4.jpg]
[themes.pixelstrap.net/zomo/landing/frontend/assets/images/product/5.jpg]
[themes.pixelstrap.net/zomo/landing/frontend/assets/images/product/6.jpg]
[themes.pixelstrap.net/zomo/landing/frontend/assets/images/product/7.jpg]
[themes.pixelstrap.net/zomo/landing/frontend/assets/images/product/8.jpg]
[themes.pixelstrap.net/zomo/landing/frontend/assets/images/product/9.jpg]
[themes.pixelstrap.net/zomo/landing/frontend/assets/images/footer-bg.jpg]
[themes.pixelstrap.net/zomo/landing/frontend/index5.html]
[themes.pixelstrap.net/zomo/landing/frontend/assets/css/vendors/aos.css]
[themes.pixelstrap.net/zomo/landing/frontend/assets/images/svg/logo2.svg]
[themes.pixelstrap.net/zomo/landing/frontend/assets/images/home-bg2.png]
[themes.pixelstrap.net/zomo/landing/frontend/assets/images/mobile.png]
[themes.pixelstrap.net/zomo/landing/frontend/assets/images/food1.png]
[themes.pixelstrap.net/zomo/landing/frontend/assets/images/food2.png]
[themes.pixelstrap.net/zomo/landing/frontend/assets/images/food3.png]
[themes.pixelstrap.net/zomo/landing/frontend/assets/images/svg/credit-card.svg]
[themes.pixelstrap.net/zomo/landing/frontend/assets/images/shape.png]
[themes.pixelstrap.net/zomo/landing/frontend/assets/js/aos.js]
[themes.pixelstrap.net/zomo/landing/frontend/index4.html]
[themes.pixelstrap.net/zomo/landing/frontend/assets/js/sidebar-toggle.js]
[themes.pixelstrap.net/zomo/landing/frontend/index3.html]
[themes.pixelstrap.net/zomo/landing/frontend/assets/css/fancybox.css]
[themes.pixelstrap.net/zomo/landing/frontend/assets/images/icons/brand13.png]
[themes.pixelstrap.net/zomo/landing/frontend/assets/images/menu/13.jpg]
[themes.pixelstrap.net/zomo/landing/frontend/assets/images/menu/1.jpg]
[themes.pixelstrap.net/zomo/landing/frontend/assets/images/menu/3.jpg]
[themes.pixelstrap.net/zomo/landing/frontend/assets/images/menu/4.jpg]
[themes.pixelstrap.net/zomo/landing/frontend/assets/images/menu/5.jpg]
[themes.pixelstrap.net/zomo/landing/frontend/assets/images/menu/6.jpg]
[themes.pixelstrap.net/zomo/landing/frontend/assets/images/menu/7.jpg]
[themes.pixelstrap.net/zomo/landing/frontend/assets/images/menu/8.jpg]
[themes.pixelstrap.net/zomo/landing/frontend/assets/images/menu/9.jpg]
[themes.pixelstrap.net/zomo/landing/frontend/assets/images/menu/11.jpg]
[themes.pixelstrap.net/zomo/landing/frontend/assets/images/menu/12.jpg]
[themes.pixelstrap.net/zomo/landing/frontend/assets/images/menu/10.jpg]
[themes.pixelstrap.net/zomo/landing/frontend/assets/images/menu/14.jpg]
[themes.pixelstrap.net/zomo/landing/frontend/assets/images/menu/15.jpg]
[themes.pixelstrap.net/zomo/landing/frontend/assets/images/menu/16.jpg]
[themes.pixelstrap.net/zomo/landing/frontend/assets/images/menu/17.jpg]
[themes.pixelstrap.net/zomo/landing/frontend/assets/images/menu/18.jpg]
[themes.pixelstrap.net/zomo/landing/frontend/assets/images/menu/19.jpg]
[themes.pixelstrap.net/zomo/landing/frontend/assets/images/menu/20.jpg]
[themes.pixelstrap.net/zomo/landing/frontend/assets/images/menu/21.jpg]
[themes.pixelstrap.net/zomo/landing/frontend/assets/images/menu/22.jpg]
[themes.pixelstrap.net/zomo/landing/frontend/assets/images/menu/23.jpg]
[themes.pixelstrap.net/zomo/landing/frontend/assets/images/service/6.jpg]
[themes.pixelstrap.net/zomo/landing/frontend/assets/images/service/7.jpg]
[themes.pixelstrap.net/zomo/landing/frontend/assets/images/service/8.jpg]
[themes.pixelstrap.net/zomo/landing/frontend/assets/images/service/9.jpg]
[themes.pixelstrap.net/zomo/landing/frontend/assets/images/service/10.jpg]
[themes.pixelstrap.net/zomo/landing/frontend/assets/images/service/11.jpg]
[themes.pixelstrap.net/zomo/landing/frontend/assets/images/service/12.jpg]
[themes.pixelstrap.net/zomo/landing/frontend/assets/images/service/13.jpg]
[themes.pixelstrap.net/zomo/landing/frontend/assets/images/icons/p1.png]
[themes.pixelstrap.net/zomo/landing/frontend/assets/images/icons/p2.png]
[themes.pixelstrap.net/zomo/landing/frontend/assets/js/menu-button.js]
[themes.pixelstrap.net/zomo/landing/frontend/assets/js/fancybox.js]
[themes.pixelstrap.net/zomo/landing/frontend/assets/js/toast.js]
[themes.pixelstrap.net/zomo/landing/frontend/menu-listing.html]
[themes.pixelstrap.net/zomo/landing/frontend/assets/images/svg/rating-star.svg]
[themes.pixelstrap.net/zomo/landing/frontend/menu-grid.html]
[themes.pixelstrap.net/zomo/landing/frontend/assets/images/svg/location-active.svg]
[themes.pixelstrap.net/zomo/landing/frontend/address.html]
[themes.pixelstrap.net/zomo/landing/frontend/assets/images/svg/wallet-add-active.svg]
[themes.pixelstrap.net/zomo/landing/frontend/assets/images/svg/verify-active.svg]
[themes.pixelstrap.net/zomo/landing/frontend/assets/images/gif/confirm.gif]
[themes.pixelstrap.net/zomo/landing/frontend/confirm-order.html]
[js.api.here.com/v3/3.1/mapsjs-ui.css]
[themes.pixelstrap.net/zomo/landing/frontend/assets/images/svg/driver.svg]
[themes.pixelstrap.net/zomo/landing/frontend/order-tracking.html]
[themes.pixelstrap.net/zomo/landing/frontend/assets/js/route-map.js]
[themes.pixelstrap.net/zomo/landing/frontend/assets/images/icons/svg/mastercard.svg]
[themes.pixelstrap.net/zomo/landing/frontend/assets/images/icons/svg/apple-pay.svg]
[themes.pixelstrap.net/zomo/landing/frontend/assets/images/icons/svg/google-pay.svg]
[themes.pixelstrap.net/zomo/landing/frontend/assets/images/home.png]
[themes.pixelstrap.net/zomo/landing/frontend/payment.html]
[themes.pixelstrap.net/zomo/landing/frontend/assets/images/blog/2.png]
[themes.pixelstrap.net/zomo/landing/frontend/assets/images/blog/3.png]
[themes.pixelstrap.net/zomo/landing/frontend/assets/images/blog/4.png]
[themes.pixelstrap.net/zomo/landing/frontend/assets/images/blog/5.png]
[themes.pixelstrap.net/zomo/landing/frontend/assets/images/blog/1.png]
[themes.pixelstrap.net/zomo/landing/frontend/assets/images/blog/6.png]
[themes.pixelstrap.net/zomo/landing/frontend/assets/images/blog/7.png]
[themes.pixelstrap.net/zomo/landing/frontend/assets/images/blog/8.png]
[themes.pixelstrap.net/zomo/landing/frontend/assets/images/blog/9.png]
[themes.pixelstrap.net/zomo/landing/frontend/blog-grid-left-sidebar.html]
[themes.pixelstrap.net/zomo/landing/frontend/blog-grid-right-sidebar.html]
[themes.pixelstrap.net/zomo/landing/frontend/blog-list.html]
[themes.pixelstrap.net/zomo/landing/frontend/assets/images/icons/p3.png]
[themes.pixelstrap.net/zomo/landing/frontend/blog-details.html]
[themes.pixelstrap.net/zomo/landing/frontend/assets/images/404.png]
[themes.pixelstrap.net/zomo/landing/frontend/404.html]
[themes.pixelstrap.net/zomo/landing/frontend/coming-soon.html]
[themes.pixelstrap.net/zomo/landing/frontend/empty-cart.html]
[themes.pixelstrap.net/zomo/landing/frontend/assets/images/empty-cart.svg]
[themes.pixelstrap.net/zomo/landing/frontend/faq.html]
[themes.pixelstrap.net/zomo/landing/frontend/assets/images/faq.svg]
[themes.pixelstrap.net/zomo/landing/frontend/assets/js/otp.js]
[themes.pixelstrap.net/zomo/landing/frontend/otp.html]
[themes.pixelstrap.net/zomo/landing/frontend/signup.html]
[themes.pixelstrap.net/zomo/landing/frontend/assets/images/icons/commas.png]
[themes.pixelstrap.net/zomo/landing/frontend/testimonial.html]
[themes.pixelstrap.net/zomo/landing/frontend/wishlist.html]
[themes.pixelstrap.net/zomo/landing/frontend/assets/images/svg/routing.svg]
[themes.pixelstrap.net/zomo/landing/frontend/assets/images/svg/3d-rotate.svg]
[themes.pixelstrap.net/zomo/landing/frontend/assets/images/svg/truck.svg]
[themes.pixelstrap.net/zomo/landing/frontend/assets/images/svg/item4.svg]
[themes.pixelstrap.net/zomo/landing/frontend/assets/images/svg/item5.svg]
[themes.pixelstrap.net/zomo/landing/frontend/assets/images/svg/star-white.svg]
[themes.pixelstrap.net/zomo/landing/frontend/assets/images/svg/crown.svg]
[themes.pixelstrap.net/zomo/landing/frontend/assets/images/svg/medal-fill.svg]
[themes.pixelstrap.net/zomo/landing/frontend/assets/images/svg/app-store.svg]
[themes.pixelstrap.net/zomo/landing/frontend/assets/images/svg/google-play.svg]
[themes.pixelstrap.net/zomo/landing/frontend/assets/images/service/1.jpg]
[themes.pixelstrap.net/zomo/landing/frontend/assets/images/service/2.jpg]
[themes.pixelstrap.net/zomo/landing/frontend/assets/images/service/3.jpg]
[themes.pixelstrap.net/zomo/landing/frontend/assets/images/service/4.jpg]
[themes.pixelstrap.net/zomo/landing/frontend/assets/images/service/5.jpg]
[themes.pixelstrap.net/zomo/landing/frontend/assets/images/svg/medal.svg]
[themes.pixelstrap.net/zomo/landing/frontend/assets/images/service/person1.png]
[themes.pixelstrap.net/zomo/landing/frontend/assets/images/service/person2.png]
[themes.pixelstrap.net/zomo/landing/frontend/assets/images/service/person3.png]
[themes.pixelstrap.net/zomo/landing/frontend/assets/images/service/person4.png]
[themes.pixelstrap.net/zomo/landing/frontend/about.html]
[themes.pixelstrap.net/zomo/landing/frontend/assets/js/menu-offcanvas.html]
[themes.pixelstrap.net/zomo/landing/frontend/assets/fonts/remixicon117c.svg]
[themes.pixelstrap.net/zomo/landing/frontend/assets/images/svg/highlight-sm.svg]
[themes.pixelstrap.net/zomo/landing/frontend/contact.html.html]
[themes.pixelstrap.net/zomo/landing/frontend/assets/images/svg/coupon-bottom.svg]
[themes.pixelstrap.net/zomo/landing/frontend/assets/images/icons/svg/hdfc.svg]
[themes.pixelstrap.net/zomo/landing/frontend/assets/images/svg/coupon-right.svg]
[themes.pixelstrap.net/zomo/landing/frontend/assets/images/icons/svg/b2b.svg]
[themes.pixelstrap.net/zomo/landing/frontend/assets/images/icons/svg/cibc.svg]
[themes.pixelstrap.net/zomo/landing/frontend/assets/images/icons/svg/american.svg]
[themes.pixelstrap.net/zomo/landing/frontend/assets/images/svg/user.svg]
[themes.pixelstrap.net/zomo/landing/frontend/assets/images/svg/location.svg]
[themes.pixelstrap.net/zomo/landing/frontend/assets/images/svg/wallet-add.svg]
[themes.pixelstrap.net/zomo/landing/frontend/assets/images/svg/verify.svg]
[themes.pixelstrap.net/zomo/landing/frontend/assets/images/account.svg]
[themes.pixelstrap.net/zomo/landing/frontend/assets/images/svg/dots-design.svg]
[themes.pixelstrap.net/zomo/landing/frontend/assets/images/svg/placed.svg]
[themes.pixelstrap.net/zomo/landing/frontend/assets/images/svg/user-map.svg]
[themes.pixelstrap.net/zomo/landing/frontend/assets/images/svg/network.svg]
[themes.pixelstrap.net/zomo/landing/frontend/assets/images/svg/Chip.svg]
[themes.pixelstrap.net/zomo/landing/frontend/assets/images/svg/marquee.svg]
[themes.pixelstrap.net/zomo/landing/frontend/assets/css/vendors/aos.css]
[themes.pixelstrap.net/zomo/landing/frontend/assets/images/svg/logo2.svg]
[themes.pixelstrap.net/zomo/landing/frontend/assets/images/svg/credit-card.svg]
[themes.pixelstrap.net/zomo/landing/frontend/assets/css/fancybox.css]
[themes.pixelstrap.net/zomo/landing/frontend/assets/images/svg/veg.svg]
[themes.pixelstrap.net/zomo/landing/frontend/assets/images/svg/nonveg.svg]
[themes.pixelstrap.net/zomo/landing/frontend/assets/images/svg/rating-star.svg]
[themes.pixelstrap.net/zomo/landing/frontend/assets/images/svg/location-active.svg]
[themes.pixelstrap.net/zomo/landing/frontend/assets/images/svg/wallet-add-active.svg]
[themes.pixelstrap.net/zomo/landing/frontend/assets/images/svg/verify-active.svg]
[js.api.here.com/v3/3.1/mapsjs-ui.css]
[themes.pixelstrap.net/zomo/landing/frontend/assets/images/svg/driver.svg]
[themes.pixelstrap.net/zomo/landing/frontend/assets/images/icons/svg/mastercard.svg]
[themes.pixelstrap.net/zomo/landing/frontend/images/icons/svg/paypal.html]
[themes.pixelstrap.net/zomo/landing/frontend/assets/images/icons/svg/apple-pay.svg]
[themes.pixelstrap.net/zomo/landing/frontend/assets/images/icons/svg/google-pay.svg]
[themes.pixelstrap.net/zomo/landing/frontend/images/icons/svg/cash.html]
[themes.pixelstrap.net/zomo/landing/frontend/assets/images/empty-cart.svg]
[themes.pixelstrap.net/zomo/landing/frontend/assets/images/faq.svg]
[themes.pixelstrap.net/zomo/landing/frontend/assets/images/svg/medal.svg]
[themes.pixelstrap.net/zomo/landing/frontend/assets/images/icons/p4.png]
[themes.pixelstrap.net/zomo/landing/frontend/assets/images/menu/2.jpg]
