[www.ansonika.com/foogra/index.html]
[backblue.gif]
[fade.gif]
[index.html]
[www.ansonika.com/foogra/img/favicon.ico]
[www.ansonika.com/foogra/img/apple-touch-icon-57x57-precomposed.png]
[www.ansonika.com/foogra/img/apple-touch-icon-72x72-precomposed.png]
[www.ansonika.com/foogra/img/apple-touch-icon-114x114-precomposed.png]
[www.ansonika.com/foogra/img/apple-touch-icon-144x144-precomposed.png]
[www.ansonika.com/foogra/img/home_section_1.jpg]
[www.ansonika.com/foogra/css/bootstrap.min.css]
[www.ansonika.com/foogra/css/style.css]
[www.ansonika.com/foogra/css/home.css]
[www.ansonika.com/foogra/img/logo.svg]
[www.ansonika.com/foogra/img/logo_sticky.svg]
[www.ansonika.com/foogra/wishlist.html]
[www.ansonika.com/foogra/index-8.html]
[www.ansonika.com/foogra/index-9.html]
[www.ansonika.com/foogra/index-3.html]
[www.ansonika.com/foogra/index-10.html]
[www.ansonika.com/foogra/index-11.html]
[www.ansonika.com/foogra/index-12.html]
[www.ansonika.com/foogra/index-13.html]
[www.ansonika.com/foogra/index-14.html]
[www.ansonika.com/foogra/index-16.html]
[www.ansonika.com/foogra/index-15.html]
[www.ansonika.com/foogra/index-5.html]
[www.ansonika.com/foogra/index-6.html]
[www.ansonika.com/foogra/index-7.html]
[www.ansonika.com/foogra/modal-advertise.html]
[www.ansonika.com/foogra/modal-newsletter.html]
[www.ansonika.com/foogra/index-2.html]
[www.ansonika.com/foogra/index-4.html]
[www.ansonika.com/foogra/grid-listing-filterscol.html]
[www.ansonika.com/foogra/grid-listing-filterscol-map.html]
[www.ansonika.com/foogra/listing-map.html]
[www.ansonika.com/foogra/grid-listing-filterscol-full-width.html]
[www.ansonika.com/foogra/grid-listing-filterscol-full-masonry.html]
[www.ansonika.com/foogra/grid-listing-filterscol-delivery.html]
[www.ansonika.com/foogra/detail-restaurant.html]
[www.ansonika.com/foogra/detail-restaurant-2.html]
[www.ansonika.com/foogra/detail-restaurant-3.html]
[www.ansonika.com/foogra/detail-restaurant-delivery.html]
[www.ansonika.com/foogra/detail-restaurant-4.html]
[www.ansonika.com/foogra/detail-restaurant-5.html]
[www.ansonika.com/foogra/grid-listing-filterscol-map-openstreetmap.html]
[www.ansonika.com/foogra/listing-map-openstreetmap.html]
[www.ansonika.com/foogra/grid-listing-filterscol-full-width-openstreetmap.html]
[www.ansonika.com/foogra/grid-listing-filterscol-full-masonry-openstreetmap.html]
[www.ansonika.com/foogra/submit-restaurant.html]
[www.ansonika.com/foogra/submit-rider.html]
[www.ansonika.com/foogra/booking.html]
[www.ansonika.com/foogra/confirm.html]
[www.ansonika.com/foogra/confirm-delivery.html]
[www.ansonika.com/foogra/booking-delivery-2.html]
[www.ansonika.com/foogra/booking-delivery.html]
[www.ansonika.com/foogra/admin_section/index.html]
[www.ansonika.com/foogra/html_rtl/index.html]
[www.ansonika.com/foogra/404.html]
[www.ansonika.com/foogra/help.html]
[www.ansonika.com/foogra/blog.html]
[www.ansonika.com/foogra/leave-review.html]
[www.ansonika.com/foogra/user-logged-1.html]
[www.ansonika.com/foogra/user-logged-2.html]
[www.ansonika.com/foogra/contacts.html]
[www.ansonika.com/foogra/coming_soon/index.html]
[www.ansonika.com/foogra/account.html]
[www.ansonika.com/foogra/icon-pack-1.html]
[www.ansonika.com/foogra/icon-pack-2.html]
[www.ansonika.com/foogra/img/lazy-placeholder.png]
[www.ansonika.com/foogra/img/location_list_placeholder.png]
[www.ansonika.com/foogra/js/common_func.js]
[www.ansonika.com/foogra/js/common_scripts.min.js]
[www.ansonika.com/foogra/assets/validate.js]
[www.ansonika.com/foogra/index.html]
[www.ansonika.com/foogra/css/bootstrap.min.css]
[www.ansonika.com/foogra/js/switcher.js]
[www.ansonika.com/foogra/css/bs-icon-font/bootstrap-icons.min.css]
[www.ansonika.com/foogra/css/icon_fonts/font/Glyphter.eot]
[www.ansonika.com/foogra/css/icon_fonts/font/Glyphterd41d.eot]
[www.ansonika.com/foogra/css/icon_fonts/font/Glyphter.woff]
[www.ansonika.com/foogra/css/icon_fonts/font/Glyphter.ttf]
[www.ansonika.com/foogra/css/icon_fonts/font/Glyphter.svg]
[www.ansonika.com/foogra/css/icon_fonts/font/food.eot]
[www.ansonika.com/foogra/css/icon_fonts/font/foodd41d.eot]
[www.ansonika.com/foogra/css/icon_fonts/font/food.woff]
[www.ansonika.com/foogra/css/icon_fonts/font/food.ttf]
[www.ansonika.com/foogra/css/icon_fonts/font/food.svg]
[www.ansonika.com/foogra/css/icon_fonts/font/ElegantIcons.eot]
[www.ansonika.com/foogra/css/icon_fonts/font/ElegantIconsd41d.eot]
[www.ansonika.com/foogra/css/icon_fonts/font/ElegantIcons.woff]
[www.ansonika.com/foogra/css/icon_fonts/font/ElegantIcons.ttf]
[www.ansonika.com/foogra/css/icon_fonts/font/ElegantIcons.svg]
[www.ansonika.com/foogra/img/home_section_2.jpg]
[www.ansonika.com/foogra/img/pattern_2.svg]
[www.ansonika.com/foogra/img/Facebook__logo.svg]
[www.ansonika.com/foogra/css/style.css]
[www.ansonika.com/foogra/img/Google__G__Logo.svg]
[www.ansonika.com/foogra/img/drag_icon.svg]
[www.ansonika.com/foogra/css/home.css]
[www.ansonika.com/foogra/img/logo.svg]
[www.ansonika.com/foogra/img/logo_sticky.svg]
[www.ansonika.com/foogra/img/pattern.svg]
[ansonika.com/foogra/css/about.5f.delayed]
[www.ansonika.com/foogra/wishlist.html]
[www.ansonika.com/foogra/revolution-slider/fonts/font-awesome/css/font-awesome.css]
[www.ansonika.com/foogra/revolution-slider/css/settings.css]
[www.ansonika.com/foogra/revolution-slider/css/layers.css]
[www.ansonika.com/foogra/revolution-slider/css/navigation.css]
[www.ansonika.com/foogra/revolution-slider/assets/images/slide_1.jpg]
[www.ansonika.com/foogra/revolution-slider/assets/images/slide_2.jpg]
[www.ansonika.com/foogra/revolution-slider/assets/images/slide_3.jpg]
[www.ansonika.com/foogra/revolution-slider/js/jquery.themepunch.tools.min.js]
[www.ansonika.com/foogra/revolution-slider/js/jquery.themepunch.revolution.min.js]
[www.ansonika.com/foogra/revolution-slider/js/extensions/revolution.extension.actions.min.js]
[www.ansonika.com/foogra/revolution-slider/js/extensions/revolution.extension.carousel.min.js]
[www.ansonika.com/foogra/revolution-slider/js/extensions/revolution.extension.kenburn.min.js]
[www.ansonika.com/foogra/revolution-slider/js/extensions/revolution.extension.layeranimation.min.js]
[www.ansonika.com/foogra/revolution-slider/js/extensions/revolution.extension.migration.min.js]
[www.ansonika.com/foogra/revolution-slider/js/extensions/revolution.extension.navigation.min.js]
[www.ansonika.com/foogra/revolution-slider/js/extensions/revolution.extension.parallax.min.js]
[www.ansonika.com/foogra/revolution-slider/js/extensions/revolution.extension.slideanims.min.js]
[www.ansonika.com/foogra/index-8.html]
[www.ansonika.com/foogra/revolution-slider/js/extensions/revolution.extension.video.min.js]
[www.ansonika.com/foogra/revolution-slider/assets/images/slide_4.jpg]
[www.ansonika.com/foogra/revolution-slider/assets/images/slide_5.jpg]
[www.ansonika.com/foogra/index-9.html]
[www.ansonika.com/foogra/revolution-slider/js/extensions/revolution.addon.slicey.min.js]
[www.ansonika.com/foogra/img/slides/slide_home_2.jpg]
[www.ansonika.com/foogra/img/slides/slide_home_1.jpg]
[www.ansonika.com/foogra/img/slides/slide_home_3.jpg]
[www.ansonika.com/foogra/img/img_cat_home_placeholder.png]
[www.ansonika.com/foogra/index-3.html]
[www.ansonika.com/foogra/js/slider.js]
[www.ansonika.com/foogra/js/jarallax.min.js]
[www.ansonika.com/foogra/index-10.html]
[www.ansonika.com/foogra/index-11.html]
[www.ansonika.com/foogra/index-12.html]
[www.ansonika.com/foogra/index-13.html]
[www.ansonika.com/foogra/index-14.html]
[www.ansonika.com/foogra/js/jarallax-video.min.js]
[www.ansonika.com/foogra/css/vegas.min.css]
[www.ansonika.com/foogra/index-16.html]
[www.ansonika.com/foogra/js/vegas.min.js]
[www.ansonika.com/foogra/index-15.html]
[www.ansonika.com/foogra/index-5.html]
[www.ansonika.com/foogra/index-6.html]
[www.ansonika.com/foogra/index-7.html]
[www.ansonika.com/foogra/js/typed.min.js]
[www.ansonika.com/foogra/css/modal_popup.css]
[www.ansonika.com/foogra/img/modal_advertise.png]
[www.ansonika.com/foogra/modal-advertise.html]
[www.ansonika.com/foogra/js/modal_popup.js]
[www.ansonika.com/foogra/img/newsletter_img.jpg]
[www.ansonika.com/foogra/modal-newsletter.html]
[www.ansonika.com/foogra/img/video_fix.png]
[www.ansonika.com/foogra/img/home_cat_placeholder.jpg]
[www.ansonika.com/foogra/img/avatar-placeholder.jpg]
[www.ansonika.com/foogra/js/modernizr.min.js]
[www.ansonika.com/foogra/index-2.html]
[www.ansonika.com/foogra/js/video_header.min.js]
[www.ansonika.com/foogra/index-4.html]
[www.ansonika.com/foogra/js/jquery.cookiebar.js]
[www.ansonika.com/foogra/css/listing.css]
[www.ansonika.com/foogra/js/sticky_sidebar.min.js]
[www.ansonika.com/foogra/grid-listing-filterscol.html]
[www.ansonika.com/foogra/js/specific_listing.js]
[www.ansonika.com/foogra/grid-listing-filterscol-map.html]
[www.ansonika.com/foogra/js/main_map_scripts.js]
[www.ansonika.com/foogra/listing-map.html]
[www.ansonika.com/foogra/grid-listing-filterscol-full-width.html]
[www.ansonika.com/foogra/js/main_mapfull_scripts.js]
[www.ansonika.com/foogra/grid-listing-filterscol-full-masonry.html]
[www.ansonika.com/foogra/grid-listing-filterscol-delivery.html]
[www.ansonika.com/foogra/js/isotope.min.js]
[www.ansonika.com/foogra/css/detail-page.css]
[www.ansonika.com/foogra/img/detail_1.jpg]
[www.ansonika.com/foogra/img/detail_2.jpg]
[www.ansonika.com/foogra/img/detail_3.jpg]
[www.ansonika.com/foogra/img/detail_gallery/detail_1.jpg]
[www.ansonika.com/foogra/img/thumb_detail_placeholder.jpg]
[www.ansonika.com/foogra/img/detail_gallery/detail_2.jpg]
[www.ansonika.com/foogra/img/detail_gallery/detail_3.jpg]
[www.ansonika.com/foogra/img/detail_gallery/detail_4.jpg]
[www.ansonika.com/foogra/img/detail_gallery/detail_5.jpg]
[www.ansonika.com/foogra/img/avatar4.jpg]
[www.ansonika.com/foogra/img/avatar6.jpg]
[www.ansonika.com/foogra/img/avatar1.jpg]
[www.ansonika.com/foogra/img/avatar.jpg]
[www.ansonika.com/foogra/js/specific_detail.js]
[www.ansonika.com/foogra/js/datepicker.min.js]
[www.ansonika.com/foogra/detail-restaurant.html]
[www.ansonika.com/foogra/js/datepicker_func_1.js]
[www.ansonika.com/foogra/img/location_1.jpg]
[www.ansonika.com/foogra/img/lazy-placeholder-detail.png]
[www.ansonika.com/foogra/detail-restaurant-2.html]
[www.ansonika.com/foogra/detail-restaurant-3.html]
[www.ansonika.com/foogra/css/detail-page-delivery.css]
[www.ansonika.com/foogra/img/menu-thumb-placeholder.jpg]
[www.ansonika.com/foogra/detail-restaurant-delivery.html]
[www.ansonika.com/foogra/img/menu_item_large_1.jpg]
[www.ansonika.com/foogra/img/menu_item_large_2.jpg]
[www.ansonika.com/foogra/img/menu_item_large_3.jpg]
[www.ansonika.com/foogra/img/menu_item_large_4.jpg]
[www.ansonika.com/foogra/detail-restaurant-4.html]
[www.ansonika.com/foogra/detail-restaurant-5.html]
[www.ansonika.com/foogra/css/leaflet.css]
[www.ansonika.com/foogra/js/leaflet_map/leaflet.min.js]
[www.ansonika.com/foogra/js/leaflet_map/leaflet_markercluster.min.js]
[www.ansonika.com/foogra/js/leaflet_map/leaflet_markers.js]
[www.ansonika.com/foogra/grid-listing-filterscol-map-openstreetmap.html]
[www.ansonika.com/foogra/js/leaflet_map/leaflet_no_mapbox_func.js]
[www.ansonika.com/foogra/listing-map-openstreetmap.html]
[www.ansonika.com/foogra/grid-listing-filterscol-full-width-openstreetmap.html]
[www.ansonika.com/foogra/grid-listing-filterscol-full-masonry-openstreetmap.html]
[www.ansonika.com/foogra/js/leaflet_map/leaflet_no_mapbox_half_screen_func.js]
[www.ansonika.com/foogra/css/submit.css]
[www.ansonika.com/foogra/img/arrow_about.png]
[www.ansonika.com/foogra/img/about_1.svg]
[www.ansonika.com/foogra/img/about_2.svg]
[www.ansonika.com/foogra/submit-restaurant.html]
[www.ansonika.com/foogra/img/about_3.svg]
[www.ansonika.com/foogra/css/submit-rider.css]
[www.ansonika.com/foogra/css/wizard.css]
[www.ansonika.com/foogra/img/icon_submit_1.svg]
[www.ansonika.com/foogra/img/icon_submit_2.svg]
[www.ansonika.com/foogra/img/icon_submit_3.svg]
[www.ansonika.com/foogra/js/wizard/wizard_scripts.js]
[www.ansonika.com/foogra/submit-rider.html]
[www.ansonika.com/foogra/js/wizard/wizard_func.js]
[www.ansonika.com/foogra/booking.html]
[www.ansonika.com/foogra/confirm.html]
[www.ansonika.com/foogra/confirm-delivery.html]
[www.ansonika.com/foogra/css/booking-sign_up.css]
[www.ansonika.com/foogra/img/icon_ccv.gif]
[www.ansonika.com/foogra/booking-delivery-2.html]
[www.ansonika.com/foogra/booking-delivery.html]
[www.ansonika.com/foogra/admin_section/img/favicon.ico]
[www.ansonika.com/foogra/admin_section/img/apple-touch-icon-57x57-precomposed.png]
[www.ansonika.com/foogra/admin_section/img/apple-touch-icon-72x72-precomposed.png]
[www.ansonika.com/foogra/admin_section/img/apple-touch-icon-114x114-precomposed.png]
[www.ansonika.com/foogra/admin_section/img/apple-touch-icon-144x144-precomposed.png]
[www.ansonika.com/foogra/admin_section/vendor/bootstrap/css/bootstrap.min.css]
[www.ansonika.com/foogra/admin_section/css/admin.css]
[www.ansonika.com/foogra/admin_section/vendor/font-awesome/css/font-awesome.min.css]
[www.ansonika.com/foogra/admin_section/vendor/datatables/dataTables.bootstrap4.css]
[www.ansonika.com/foogra/admin_section/css/custom.css]
[www.ansonika.com/foogra/admin_section/img/logo.svg]
[www.ansonika.com/foogra/admin_section/messages.html]
[www.ansonika.com/foogra/admin_section/bookings.html]
[www.ansonika.com/foogra/admin_section/listings.html]
[www.ansonika.com/foogra/admin_section/reviews.html]
[www.ansonika.com/foogra/admin_section/bookmarks.html]
[www.ansonika.com/foogra/admin_section/add-listing.html]
[www.ansonika.com/foogra/admin_section/add-listing-with-menu-list.html]
[www.ansonika.com/foogra/admin_section/orders.html]
[www.ansonika.com/foogra/admin_section/user-profile.html]
[www.ansonika.com/foogra/admin_section/charts.html]
[www.ansonika.com/foogra/admin_section/tables.html]
[www.ansonika.com/foogra/admin_section/vendor/jquery/jquery.min.js]
[www.ansonika.com/foogra/admin_section/vendor/bootstrap/js/bootstrap.bundle.min.js]
[www.ansonika.com/foogra/admin_section/vendor/jquery-easing/jquery.easing.min.js]
[www.ansonika.com/foogra/admin_section/vendor/chart.js/Chart.js]
[www.ansonika.com/foogra/admin_section/vendor/datatables/dataTables.bootstrap4.js]
[www.ansonika.com/foogra/admin_section/vendor/datatables/jquery.dataTables.js]
[www.ansonika.com/foogra/admin_section/vendor/jquery.magnific-popup.min.js]
[www.ansonika.com/foogra/admin_section/js/admin.js]
[www.ansonika.com/foogra/admin_section/index.html]
[www.ansonika.com/foogra/admin_section/js/admin-charts.js]
[www.ansonika.com/foogra/html_rtl/img/favicon.ico]
[www.ansonika.com/foogra/html_rtl/img/apple-touch-icon-57x57-precomposed.png]
[www.ansonika.com/foogra/html_rtl/img/apple-touch-icon-72x72-precomposed.png]
[www.ansonika.com/foogra/html_rtl/img/apple-touch-icon-114x114-precomposed.png]
[www.ansonika.com/foogra/html_rtl/img/apple-touch-icon-144x144-precomposed.png]
[www.ansonika.com/foogra/html_rtl/css/bootstrap-rtl.min.css]
[www.ansonika.com/foogra/html_rtl/css/style.css]
[www.ansonika.com/foogra/html_rtl/css/home.css]
[www.ansonika.com/foogra/html_rtl/css/all_rtl.css]
[www.ansonika.com/foogra/html_rtl/css/custom.css]
[www.ansonika.com/foogra/html_rtl/img/logo.svg]
[www.ansonika.com/foogra/html_rtl/img/logo_sticky.svg]
[www.ansonika.com/foogra/html_rtl/wishlist.html]
[www.ansonika.com/foogra/html_rtl/index-8.html]
[www.ansonika.com/foogra/html_rtl/index-9.html]
[www.ansonika.com/foogra/html_rtl/index-3.html]
[www.ansonika.com/foogra/html_rtl/index-10.html]
[www.ansonika.com/foogra/html_rtl/index-11.html]
[www.ansonika.com/foogra/html_rtl/index-12.html]
[www.ansonika.com/foogra/html_rtl/index-13.html]
[www.ansonika.com/foogra/html_rtl/index-14.html]
[www.ansonika.com/foogra/html_rtl/index-16.html]
[www.ansonika.com/foogra/html_rtl/index-15.html]
[www.ansonika.com/foogra/html_rtl/index-5.html]
[www.ansonika.com/foogra/html_rtl/index-6.html]
[www.ansonika.com/foogra/html_rtl/index-7.html]
[www.ansonika.com/foogra/html_rtl/modal-advertise.html]
[www.ansonika.com/foogra/html_rtl/modal-newsletter.html]
[www.ansonika.com/foogra/html_rtl/index-2.html]
[www.ansonika.com/foogra/html_rtl/index-4.html]
[www.ansonika.com/foogra/html_rtl/grid-listing-filterscol.html]
[www.ansonika.com/foogra/html_rtl/grid-listing-filterscol-map.html]
[www.ansonika.com/foogra/html_rtl/listing-map.html]
[www.ansonika.com/foogra/html_rtl/grid-listing-filterscol-full-width.html]
[www.ansonika.com/foogra/html_rtl/grid-listing-filterscol-full-masonry.html]
[www.ansonika.com/foogra/html_rtl/grid-listing-filterscol-delivery.html]
[www.ansonika.com/foogra/html_rtl/detail-restaurant.html]
[www.ansonika.com/foogra/html_rtl/detail-restaurant-2.html]
[www.ansonika.com/foogra/html_rtl/detail-restaurant-3.html]
[www.ansonika.com/foogra/html_rtl/detail-restaurant-delivery.html]
[www.ansonika.com/foogra/html_rtl/detail-restaurant-4.html]
[www.ansonika.com/foogra/html_rtl/detail-restaurant-5.html]
[www.ansonika.com/foogra/html_rtl/grid-listing-filterscol-map-openstreetmap.html]
[www.ansonika.com/foogra/html_rtl/listing-map-openstreetmap.html]
[www.ansonika.com/foogra/html_rtl/grid-listing-filterscol-full-width-openstreetmap.html]
[www.ansonika.com/foogra/html_rtl/grid-listing-filterscol-full-masonry-openstreetmap.html]
[www.ansonika.com/foogra/html_rtl/submit-restaurant.html]
[www.ansonika.com/foogra/html_rtl/submit-rider.html]
[www.ansonika.com/foogra/html_rtl/booking.html]
[www.ansonika.com/foogra/html_rtl/confirm.html]
[www.ansonika.com/foogra/html_rtl/confirm-delivery.html]
[www.ansonika.com/foogra/html_rtl/booking-delivery-2.html]
[www.ansonika.com/foogra/html_rtl/booking-delivery.html]
[www.ansonika.com/foogra/html_rtl/404.html]
[www.ansonika.com/foogra/html_rtl/help.html]
[www.ansonika.com/foogra/html_rtl/blog.html]
[www.ansonika.com/foogra/html_rtl/leave-review.html]
[www.ansonika.com/foogra/html_rtl/user-logged-1.html]
[www.ansonika.com/foogra/html_rtl/user-logged-2.html]
[www.ansonika.com/foogra/html_rtl/contacts.html]
[www.ansonika.com/foogra/html_rtl/coming_soon/index.html]
[www.ansonika.com/foogra/html_rtl/account.html]
[www.ansonika.com/foogra/html_rtl/icon-pack-1.html]
[www.ansonika.com/foogra/html_rtl/icon-pack-2.html]
[www.ansonika.com/foogra/html_rtl/img/lazy-placeholder.png]
[www.ansonika.com/foogra/html_rtl/img/location_list_placeholder.png]
[www.ansonika.com/foogra/html_rtl/js/common_func_rtl.js]
[www.ansonika.com/foogra/html_rtl/js/common_scripts_rtl.min.js]
[www.ansonika.com/foogra/html_rtl/index.html]
[www.ansonika.com/foogra/html_rtl/assets/validate.js]
[www.ansonika.com/foogra/css/error.css]
[www.ansonika.com/foogra/404.html]
[www.ansonika.com/foogra/img/404.svg]
[www.ansonika.com/foogra/help.html]
[www.ansonika.com/foogra/css/help.css]
[www.ansonika.com/foogra/css/blog.css]
[www.ansonika.com/foogra/blog-post.html]
[www.ansonika.com/foogra/img/blog-1.jpg]
[www.ansonika.com/foogra/img/blog-2.jpg]
[www.ansonika.com/foogra/img/blog-3.jpg]
[www.ansonika.com/foogra/img/blog-4.jpg]
[www.ansonika.com/foogra/img/blog-5.jpg]
[www.ansonika.com/foogra/img/blog-6.jpg]
[www.ansonika.com/foogra/blog.html]
[www.ansonika.com/foogra/css/review.css]
[www.ansonika.com/foogra/leave-review.html]
[www.ansonika.com/foogra/user-logged-1.html]
[www.ansonika.com/foogra/user-logged-2.html]
[www.ansonika.com/foogra/js/specific_review.js]
[www.ansonika.com/foogra/contacts.html]
[www.ansonika.com/foogra/css/contacts.css]
[www.ansonika.com/foogra/coming_soon/img/favicon.ico]
[www.ansonika.com/foogra/coming_soon/img/apple-touch-icon-57x57-precomposed.png]
[www.ansonika.com/foogra/coming_soon/img/apple-touch-icon-72x72-precomposed.png]
[www.ansonika.com/foogra/coming_soon/img/apple-touch-icon-114x114-precomposed.png]
[www.ansonika.com/foogra/coming_soon/img/apple-touch-icon-144x144-precomposed.png]
[www.ansonika.com/foogra/coming_soon/css/bootstrap.min.css]
[www.ansonika.com/foogra/coming_soon/css/style.css]
[www.ansonika.com/foogra/coming_soon/fontello/css/fontello.css]
[www.ansonika.com/foogra/coming_soon/fontello/css/animation.css]
[www.ansonika.com/foogra/coming_soon/img/logo.svg]
[www.ansonika.com/foogra/coming_soon/img/slide_2.jpg]
[www.ansonika.com/foogra/coming_soon/img/slide_1.jpg]
[www.ansonika.com/foogra/coming_soon/js/jquery-2.2.4.min.js]
[www.ansonika.com/foogra/coming_soon/js/jquery.easing.1.3.min.js]
[www.ansonika.com/foogra/coming_soon/js/jquery.animate-enhanced.min.js]
[www.ansonika.com/foogra/coming_soon/js/jquery.superslides.min.js]
[www.ansonika.com/foogra/coming_soon/js/retina.min.js]
[www.ansonika.com/foogra/coming_soon/js/functions.js]
[www.ansonika.com/foogra/coming_soon/index.html]
[www.ansonika.com/foogra/account.html]
[www.ansonika.com/foogra/icon-pack-1.html]
[www.ansonika.com/foogra/icon-pack-2.html]
[www.ansonika.com/foogra/coming_soon/assets/validate.js]
[www.ansonika.com/foogra/css/bs-icon-font/fonts/bootstrap-icons0107.woff2]
[www.ansonika.com/foogra/css/bs-icon-font/fonts/bootstrap-icons0107.woff]
[www.ansonika.com/foogra/css/bs-icon-font/bootstrap-icons.min.css]
[www.ansonika.com/foogra/css/icon_fonts/font/Glyphter.svg]
[www.ansonika.com/foogra/css/icon_fonts/font/food.svg]
[www.ansonika.com/foogra/css/icon_fonts/font/ElegantIcons.svg]
[www.ansonika.com/foogra/img/pattern_2.svg]
[www.ansonika.com/foogra/img/Facebook__logo.svg]
[www.ansonika.com/foogra/img/Google__G__Logo.svg]
[www.ansonika.com/foogra/img/drag_icon.svg]
[www.ansonika.com/foogra/img/pattern.svg]
[ansonika.com/foogra/css/about.html]
[www.ansonika.com/foogra/revolution-slider/fonts/font-awesome/fonts/fontawesome-webfont3e6e.eot]
[www.ansonika.com/foogra/revolution-slider/fonts/font-awesome/fonts/fontawesome-webfontd41d.eot]
[www.ansonika.com/foogra/revolution-slider/fonts/font-awesome/fonts/fontawesome-webfont3e6e.woff2]
[www.ansonika.com/foogra/revolution-slider/fonts/font-awesome/fonts/fontawesome-webfont3e6e.woff]
[www.ansonika.com/foogra/revolution-slider/fonts/font-awesome/fonts/fontawesome-webfont3e6e.ttf]
[www.ansonika.com/foogra/revolution-slider/fonts/font-awesome/css/font-awesome.css]
[www.ansonika.com/foogra/revolution-slider/fonts/font-awesome/fonts/fontawesome-webfont3e6e.svg]
[www.ansonika.com/foogra/revolution-slider/fonts/revicons/revicons90c6.eot]
[www.ansonika.com/foogra/revolution-slider/fonts/revicons/revicons90c6.woff]
[www.ansonika.com/foogra/revolution-slider/fonts/revicons/revicons90c6.ttf]
[www.ansonika.com/foogra/revolution-slider/fonts/revicons/revicons90c6.svg]
[www.ansonika.com/foogra/revolution-slider/assets/gridtile.png]
[www.ansonika.com/foogra/revolution-slider/assets/gridtile_white.png]
[www.ansonika.com/foogra/revolution-slider/assets/gridtile_3x3.png]
[www.ansonika.com/foogra/revolution-slider/assets/gridtile_3x3_white.png]
[www.ansonika.com/foogra/revolution-slider/assets/coloredbg.png]
[www.ansonika.com/foogra/revolution-slider/assets/loader.gif]
[www.ansonika.com/foogra/revolution-slider/css/settings.css]
[www.ansonika.com/foogra/revolution-slider/css/layers.css]
[www.ansonika.com/foogra/revolution-slider/css/navigation.css]
[ansonika.com/foogra/css/overlays/02.156.delayed]
[www.ansonika.com/foogra/css/vegas.min.css]
[www.ansonika.com/foogra/css/modal_popup.css]
[www.ansonika.com/foogra/img/map_bt_bg.png]
[www.ansonika.com/foogra/css/listing.css]
[www.ansonika.com/foogra/css/detail-page.css]
[www.ansonika.com/foogra/css/detail-page-delivery.css]
[ansonika.com/foogra/css/images/layers.png]
[ansonika.com/foogra/css/images/layers-2x.png]
[www.ansonika.com/foogra/css/leaflet.css]
[www.ansonika.com/foogra/css/submit.css]
[www.ansonika.com/foogra/img/about_1.svg]
[www.ansonika.com/foogra/img/about_2.svg]
[www.ansonika.com/foogra/img/about_3.svg]
[www.ansonika.com/foogra/css/submit-rider.css]
[www.ansonika.com/foogra/css/wizard.css]
[www.ansonika.com/foogra/img/icon_submit_1.svg]
[www.ansonika.com/foogra/img/icon_submit_2.svg]
[www.ansonika.com/foogra/img/icon_submit_3.svg]
[www.ansonika.com/foogra/css/booking-sign_up.css]
[www.ansonika.com/foogra/admin_section/vendor/bootstrap/css/bootstrap.min.css]
[www.ansonika.com/foogra/img/paypal_2.svg]
[www.ansonika.com/foogra/admin_section/css/admin.css]
[www.ansonika.com/foogra/admin_section/img/arrow_down.svg]
[www.ansonika.com/foogra/admin_section/vendor/font-awesome/fonts/fontawesome-webfont3e6e.eot]
[www.ansonika.com/foogra/admin_section/vendor/font-awesome/fonts/fontawesome-webfontd41d.eot]
[www.ansonika.com/foogra/admin_section/vendor/font-awesome/fonts/fontawesome-webfont3e6e.woff2]
[www.ansonika.com/foogra/admin_section/vendor/font-awesome/fonts/fontawesome-webfont3e6e.woff]
[www.ansonika.com/foogra/admin_section/vendor/font-awesome/fonts/fontawesome-webfont3e6e.ttf]
[www.ansonika.com/foogra/admin_section/vendor/font-awesome/css/font-awesome.min.css]
[www.ansonika.com/foogra/admin_section/vendor/datatables/dataTables.bootstrap4.css]
[www.ansonika.com/foogra/admin_section/css/custom.css]
[www.ansonika.com/foogra/admin_section/img/logo.svg]
[www.ansonika.com/foogra/admin_section/vendor/font-awesome/fonts/fontawesome-webfont3e6e.svg]
[www.ansonika.com/foogra/admin_section/img/avatar1.jpg]
[www.ansonika.com/foogra/admin_section/img/avatar2.jpg]
[www.ansonika.com/foogra/admin_section/img/avatar3.jpg]
[www.ansonika.com/foogra/admin_section/img/avatar4.jpg]
[www.ansonika.com/foogra/admin_section/img/avatar5.jpg]
[www.ansonika.com/foogra/admin_section/img/avatar6.jpg]
[www.ansonika.com/foogra/admin_section/messages.html]
[www.ansonika.com/foogra/admin_section/vendor/chart.js/Chart.min.js]
[www.ansonika.com/foogra/admin_section/img/item_1.jpg]
[www.ansonika.com/foogra/admin_section/img/item_2.jpg]
[www.ansonika.com/foogra/admin_section/img/item_3.jpg]
[www.ansonika.com/foogra/admin_section/bookings.html]
[www.ansonika.com/foogra/admin_section/listings.html]
[www.ansonika.com/foogra/admin_section/vendor/animate.min.css]
[www.ansonika.com/foogra/admin_section/reviews.html]
[www.ansonika.com/foogra/admin_section/bookmarks.html]
[www.ansonika.com/foogra/admin_section/vendor/magnific-popup.css]
[www.ansonika.com/foogra/admin_section/vendor/dropzone.css]
[www.ansonika.com/foogra/admin_section/css/date_picker.css]
[www.ansonika.com/foogra/admin_section/js/editor/summernote-bs4.css]
[www.ansonika.com/foogra/admin_section/vendor/dropzone.min.js]
[www.ansonika.com/foogra/admin_section/vendor/bootstrap-datepicker.js]
[www.ansonika.com/foogra/admin_section/add-listing.html]
[www.ansonika.com/foogra/admin_section/add-listing-with-menu-list.html]
[www.ansonika.com/foogra/admin_section/js/editor/summernote-bs4.min.js]
[www.ansonika.com/foogra/admin_section/edit-order.html]
[www.ansonika.com/foogra/admin_section/orders.html]
[www.ansonika.com/foogra/admin_section/user-profile.html]
[www.ansonika.com/foogra/admin_section/js/admin-datatables.js]
[www.ansonika.com/foogra/admin_section/charts.html]
[www.ansonika.com/foogra/admin_section/tables.html]
[www.ansonika.com/foogra/html_rtl/css/bootstrap-rtl.min.css]
[www.ansonika.com/foogra/admin_section/js/admin-charts-all.js]
[www.ansonika.com/foogra/html_rtl/css/bs-icon-font/bootstrap-icons.min.css]
[www.ansonika.com/foogra/html_rtl/css/icon_fonts/font/Glyphter.eot]
[www.ansonika.com/foogra/html_rtl/css/icon_fonts/font/Glyphterd41d.eot]
[www.ansonika.com/foogra/html_rtl/css/icon_fonts/font/Glyphter.woff]
[www.ansonika.com/foogra/html_rtl/css/icon_fonts/font/Glyphter.ttf]
[www.ansonika.com/foogra/html_rtl/css/icon_fonts/font/Glyphter.svg]
[www.ansonika.com/foogra/html_rtl/css/icon_fonts/font/food.eot]
[www.ansonika.com/foogra/html_rtl/css/icon_fonts/font/foodd41d.eot]
[www.ansonika.com/foogra/html_rtl/css/icon_fonts/font/food.woff]
[www.ansonika.com/foogra/html_rtl/css/icon_fonts/font/food.ttf]
[www.ansonika.com/foogra/html_rtl/css/icon_fonts/font/food.svg]
[www.ansonika.com/foogra/html_rtl/css/icon_fonts/font/ElegantIcons.eot]
[www.ansonika.com/foogra/html_rtl/css/icon_fonts/font/ElegantIconsd41d.eot]
[www.ansonika.com/foogra/html_rtl/css/icon_fonts/font/ElegantIcons.woff]
[www.ansonika.com/foogra/html_rtl/css/icon_fonts/font/ElegantIcons.ttf]
[www.ansonika.com/foogra/html_rtl/css/icon_fonts/font/ElegantIcons.svg]
[www.ansonika.com/foogra/html_rtl/img/home_section_1.jpg]
[www.ansonika.com/foogra/html_rtl/img/home_section_2.jpg]
[www.ansonika.com/foogra/html_rtl/img/pattern_2.svg]
[www.ansonika.com/foogra/html_rtl/img/Facebook__logo.svg]
[www.ansonika.com/foogra/html_rtl/css/style.css]
[www.ansonika.com/foogra/html_rtl/img/Google__G__Logo.svg]
[www.ansonika.com/foogra/html_rtl/img/drag_icon.svg]
[www.ansonika.com/foogra/html_rtl/css/home.css]
[www.ansonika.com/foogra/html_rtl/img/pattern.svg]
[www.ansonika.com/foogra/html_rtl/css/all_rtl.css]
[www.ansonika.com/foogra/html_rtl/css/custom.css]
[www.ansonika.com/foogra/html_rtl/img/logo.svg]
[www.ansonika.com/foogra/html_rtl/img/logo_sticky.svg]
[www.ansonika.com/foogra/html_rtl/img/paypal_2.svg]
[ansonika.com/foogra/html_rtl/css/about.193.delayed]
[www.ansonika.com/foogra/html_rtl/wishlist.html]
[www.ansonika.com/foogra/html_rtl/revolution-slider/fonts/font-awesome/css/font-awesome.css]
[www.ansonika.com/foogra/html_rtl/revolution-slider/css/settings.css]
[www.ansonika.com/foogra/html_rtl/revolution-slider/css/layers.css]
[www.ansonika.com/foogra/html_rtl/revolution-slider/css/navigation.css]
[www.ansonika.com/foogra/html_rtl/revolution-slider/assets/images/slide_1.jpg]
[www.ansonika.com/foogra/html_rtl/revolution-slider/assets/images/slide_2.jpg]
[www.ansonika.com/foogra/html_rtl/revolution-slider/assets/images/slide_3.jpg]
[www.ansonika.com/foogra/html_rtl/revolution-slider/js/jquery.themepunch.tools.min.js]
[www.ansonika.com/foogra/html_rtl/revolution-slider/js/jquery.themepunch.revolution.min.js]
[www.ansonika.com/foogra/html_rtl/revolution-slider/js/extensions/revolution.extension.actions.min.js]
[www.ansonika.com/foogra/html_rtl/revolution-slider/js/extensions/revolution.extension.carousel.min.js]
[www.ansonika.com/foogra/html_rtl/revolution-slider/js/extensions/revolution.extension.kenburn.min.js]
[www.ansonika.com/foogra/html_rtl/revolution-slider/js/extensions/revolution.extension.layeranimation.min.js]
[www.ansonika.com/foogra/html_rtl/revolution-slider/js/extensions/revolution.extension.migration.min.js]
[www.ansonika.com/foogra/html_rtl/revolution-slider/js/extensions/revolution.extension.navigation.min.js]
[www.ansonika.com/foogra/html_rtl/revolution-slider/js/extensions/revolution.extension.parallax.min.js]
[www.ansonika.com/foogra/html_rtl/revolution-slider/js/extensions/revolution.extension.slideanims.min.js]
[www.ansonika.com/foogra/html_rtl/index-8.html]
[www.ansonika.com/foogra/html_rtl/revolution-slider/js/extensions/revolution.extension.video.min.js]
[www.ansonika.com/foogra/html_rtl/revolution-slider/assets/images/slide_4.jpg]
[www.ansonika.com/foogra/html_rtl/revolution-slider/assets/images/slide_5.jpg]
[www.ansonika.com/foogra/html_rtl/index-9.html]
[www.ansonika.com/foogra/html_rtl/revolution-slider/js/extensions/revolution.addon.slicey.min.js]
[www.ansonika.com/foogra/html_rtl/img/slides/slide_home_2.jpg]
[www.ansonika.com/foogra/html_rtl/img/slides/slide_home_1.jpg]
[www.ansonika.com/foogra/html_rtl/img/slides/slide_home_3.jpg]
[www.ansonika.com/foogra/html_rtl/img/img_cat_home_placeholder.png]
[www.ansonika.com/foogra/html_rtl/index-3.html]
[www.ansonika.com/foogra/html_rtl/js/slider_rtl.js]
[www.ansonika.com/foogra/html_rtl/js/jarallax.min.js]
[www.ansonika.com/foogra/html_rtl/index-10.html]
[www.ansonika.com/foogra/html_rtl/index-11.html]
[www.ansonika.com/foogra/html_rtl/index-12.html]
[www.ansonika.com/foogra/html_rtl/index-13.html]
[www.ansonika.com/foogra/html_rtl/index-14.html]
[www.ansonika.com/foogra/html_rtl/js/jarallax-video.min.js]
[www.ansonika.com/foogra/html_rtl/css/vegas.min.css]
[www.ansonika.com/foogra/html_rtl/index-16.html]
[www.ansonika.com/foogra/html_rtl/js/vegas.min.js]
[www.ansonika.com/foogra/html_rtl/index-15.html]
[www.ansonika.com/foogra/html_rtl/index-5.html]
[www.ansonika.com/foogra/html_rtl/index-6.html]
[www.ansonika.com/foogra/html_rtl/index-7.html]
[www.ansonika.com/foogra/html_rtl/js/typed.min.js]
[www.ansonika.com/foogra/html_rtl/css/modal_popup.css]
[www.ansonika.com/foogra/html_rtl/img/modal_advertise.png]
[www.ansonika.com/foogra/html_rtl/modal-advertise.html]
[www.ansonika.com/foogra/html_rtl/js/modal_popup.js]
[www.ansonika.com/foogra/html_rtl/img/newsletter_img.jpg]
[www.ansonika.com/foogra/html_rtl/modal-newsletter.html]
[www.ansonika.com/foogra/html_rtl/img/video_fix.png]
[www.ansonika.com/foogra/html_rtl/img/home_cat_placeholder.jpg]
[www.ansonika.com/foogra/html_rtl/img/avatar-placeholder.jpg]
[www.ansonika.com/foogra/html_rtl/js/modernizr.min.js]
[www.ansonika.com/foogra/html_rtl/index-2.html]
[www.ansonika.com/foogra/html_rtl/js/video_header.min.js]
[www.ansonika.com/foogra/html_rtl/index-4.html]
[www.ansonika.com/foogra/html_rtl/js/jquery.cookiebar.js]
[www.ansonika.com/foogra/html_rtl/css/listing.css]
[www.ansonika.com/foogra/html_rtl/js/sticky_sidebar.min.js]
[www.ansonika.com/foogra/html_rtl/grid-listing-filterscol.html]
[www.ansonika.com/foogra/html_rtl/js/specific_listing_rtl.js]
[www.ansonika.com/foogra/html_rtl/grid-listing-filterscol-map.html]
[www.ansonika.com/foogra/html_rtl/js/main_map_scripts.js]
[www.ansonika.com/foogra/html_rtl/listing-map.html]
[www.ansonika.com/foogra/html_rtl/grid-listing-filterscol-full-width.html]
[www.ansonika.com/foogra/html_rtl/js/main_mapfull_scripts.js]
[www.ansonika.com/foogra/html_rtl/grid-listing-filterscol-full-masonry.html]
[www.ansonika.com/foogra/html_rtl/grid-listing-filterscol-delivery.html]
[www.ansonika.com/foogra/html_rtl/js/isotope.min.js]
[www.ansonika.com/foogra/html_rtl/css/detail-page.css]
[www.ansonika.com/foogra/html_rtl/img/detail_1.jpg]
[www.ansonika.com/foogra/html_rtl/img/detail_2.jpg]
[www.ansonika.com/foogra/html_rtl/img/detail_3.jpg]
[www.ansonika.com/foogra/html_rtl/img/detail_gallery/detail_1.jpg]
[www.ansonika.com/foogra/html_rtl/img/thumb_detail_placeholder.jpg]
[www.ansonika.com/foogra/html_rtl/img/detail_gallery/detail_2.jpg]
[www.ansonika.com/foogra/html_rtl/img/detail_gallery/detail_3.jpg]
[www.ansonika.com/foogra/html_rtl/img/detail_gallery/detail_4.jpg]
[www.ansonika.com/foogra/html_rtl/img/detail_gallery/detail_5.jpg]
[www.ansonika.com/foogra/html_rtl/img/avatar4.jpg]
[www.ansonika.com/foogra/html_rtl/img/avatar6.jpg]
[www.ansonika.com/foogra/html_rtl/img/avatar1.jpg]
[www.ansonika.com/foogra/html_rtl/img/avatar.jpg]
[www.ansonika.com/foogra/html_rtl/js/specific_detail.js]
[www.ansonika.com/foogra/html_rtl/js/datepicker.min.js]
[www.ansonika.com/foogra/html_rtl/detail-restaurant.html]
[www.ansonika.com/foogra/html_rtl/js/datepicker_func_1_rtl.js]
[www.ansonika.com/foogra/html_rtl/img/lazy-placeholder-detail.png]
[www.ansonika.com/foogra/html_rtl/detail-restaurant-2.html]
[www.ansonika.com/foogra/html_rtl/detail-restaurant-3.html]
[www.ansonika.com/foogra/html_rtl/css/detail-page-delivery.css]
[www.ansonika.com/foogra/html_rtl/img/menu-thumb-placeholder.jpg]
[www.ansonika.com/foogra/html_rtl/detail-restaurant-delivery.html]
[www.ansonika.com/foogra/html_rtl/img/menu_item_large_1.jpg]
[www.ansonika.com/foogra/html_rtl/img/menu_item_large_2.jpg]
[www.ansonika.com/foogra/html_rtl/img/menu_item_large_3.jpg]
[www.ansonika.com/foogra/html_rtl/img/menu_item_large_4.jpg]
[www.ansonika.com/foogra/html_rtl/detail-restaurant-4.html]
[www.ansonika.com/foogra/html_rtl/detail-restaurant-5.html]
[www.ansonika.com/foogra/html_rtl/css/leaflet.css]
[www.ansonika.com/foogra/html_rtl/js/leaflet_map/leaflet.min.js]
[www.ansonika.com/foogra/html_rtl/js/leaflet_map/leaflet_markercluster.min.js]
[www.ansonika.com/foogra/html_rtl/js/leaflet_map/leaflet_markers.js]
[www.ansonika.com/foogra/html_rtl/grid-listing-filterscol-map-openstreetmap.html]
[www.ansonika.com/foogra/html_rtl/js/leaflet_map/leaflet_no_mapbox_func.js]
[www.ansonika.com/foogra/html_rtl/js/specific_listing.js]
[www.ansonika.com/foogra/html_rtl/listing-map-openstreetmap.html]
[www.ansonika.com/foogra/html_rtl/grid-listing-filterscol-full-width-openstreetmap.html]
[www.ansonika.com/foogra/html_rtl/grid-listing-filterscol-full-masonry-openstreetmap.html]
[www.ansonika.com/foogra/html_rtl/js/leaflet_map/leaflet_no_mapbox_half_screen_func.js]
[www.ansonika.com/foogra/html_rtl/css/submit.css]
[www.ansonika.com/foogra/html_rtl/img/arrow_about.png]
[www.ansonika.com/foogra/html_rtl/img/about_1.svg]
[www.ansonika.com/foogra/html_rtl/img/about_2.svg]
[www.ansonika.com/foogra/html_rtl/submit-restaurant.html]
[www.ansonika.com/foogra/html_rtl/img/about_3.svg]
[www.ansonika.com/foogra/html_rtl/css/submit-rider.css]
[www.ansonika.com/foogra/html_rtl/css/wizard.css]
[www.ansonika.com/foogra/html_rtl/img/icon_submit_1.svg]
[www.ansonika.com/foogra/html_rtl/img/icon_submit_2.svg]
[www.ansonika.com/foogra/html_rtl/img/icon_submit_3.svg]
[www.ansonika.com/foogra/html_rtl/submit-rider.html]
[www.ansonika.com/foogra/html_rtl/js/wizard/wizard_scripts.js]
[www.ansonika.com/foogra/html_rtl/js/wizard/wizard_func.js]
[www.ansonika.com/foogra/html_rtl/booking.html]
[www.ansonika.com/foogra/html_rtl/confirm.html]
[www.ansonika.com/foogra/html_rtl/confirm-delivery.html]
[www.ansonika.com/foogra/html_rtl/css/booking-sign_up.css]
[www.ansonika.com/foogra/html_rtl/img/icon_ccv.gif]
[www.ansonika.com/foogra/html_rtl/booking-delivery-2.html]
[www.ansonika.com/foogra/html_rtl/booking-delivery.html]
[www.ansonika.com/foogra/html_rtl/css/error.css]
[www.ansonika.com/foogra/html_rtl/404.html]
[www.ansonika.com/foogra/html_rtl/img/404.svg]
[www.ansonika.com/foogra/html_rtl/help.html]
[www.ansonika.com/foogra/html_rtl/css/help.css]
[www.ansonika.com/foogra/html_rtl/css/blog.css]
[www.ansonika.com/foogra/html_rtl/blog-post.html]
[www.ansonika.com/foogra/html_rtl/img/blog-1.jpg]
[www.ansonika.com/foogra/html_rtl/img/blog-2.jpg]
[www.ansonika.com/foogra/html_rtl/img/blog-3.jpg]
[www.ansonika.com/foogra/html_rtl/img/blog-4.jpg]
[www.ansonika.com/foogra/html_rtl/img/blog-5.jpg]
[www.ansonika.com/foogra/html_rtl/img/blog-6.jpg]
[www.ansonika.com/foogra/html_rtl/blog.html]
[www.ansonika.com/foogra/html_rtl/css/review.css]
[www.ansonika.com/foogra/html_rtl/leave-review.html]
[www.ansonika.com/foogra/html_rtl/user-logged-1.html]
[www.ansonika.com/foogra/html_rtl/js/specific_review_rtl.js]
[www.ansonika.com/foogra/html_rtl/user-logged-2.html]
[www.ansonika.com/foogra/html_rtl/js/datepicker_func_1.js]
[www.ansonika.com/foogra/html_rtl/contacts.html]
[www.ansonika.com/foogra/html_rtl/css/contacts.css]
[www.ansonika.com/foogra/html_rtl/coming_soon/img/favicon.ico]
[www.ansonika.com/foogra/html_rtl/coming_soon/img/apple-touch-icon-57x57-precomposed.png]
[www.ansonika.com/foogra/html_rtl/coming_soon/img/apple-touch-icon-72x72-precomposed.png]
[www.ansonika.com/foogra/html_rtl/coming_soon/img/apple-touch-icon-114x114-precomposed.png]
[www.ansonika.com/foogra/html_rtl/coming_soon/img/apple-touch-icon-144x144-precomposed.png]
[www.ansonika.com/foogra/html_rtl/coming_soon/css/bootstrap.min.css]
[www.ansonika.com/foogra/html_rtl/coming_soon/css/style.css]
[www.ansonika.com/foogra/html_rtl/coming_soon/fontello/css/fontello.css]
[www.ansonika.com/foogra/html_rtl/coming_soon/fontello/css/animation.css]
[www.ansonika.com/foogra/html_rtl/coming_soon/img/logo.svg]
[www.ansonika.com/foogra/html_rtl/coming_soon/img/slide_2.jpg]
[www.ansonika.com/foogra/html_rtl/coming_soon/img/slide_1.jpg]
[www.ansonika.com/foogra/html_rtl/coming_soon/js/jquery-2.2.4.min.js]
[www.ansonika.com/foogra/html_rtl/coming_soon/js/jquery.easing.1.3.min.js]
[www.ansonika.com/foogra/html_rtl/coming_soon/js/jquery.animate-enhanced.min.js]
[www.ansonika.com/foogra/html_rtl/coming_soon/js/jquery.superslides.min.js]
[www.ansonika.com/foogra/html_rtl/coming_soon/js/retina.min.js]
[www.ansonika.com/foogra/html_rtl/coming_soon/js/functions.js]
[www.ansonika.com/foogra/html_rtl/coming_soon/index.html]
[www.ansonika.com/foogra/html_rtl/account.html]
[www.ansonika.com/foogra/html_rtl/icon-pack-1.html]
[www.ansonika.com/foogra/html_rtl/icon-pack-2.html]
[www.ansonika.com/foogra/css/error.css]
[www.ansonika.com/foogra/img/404.svg]
[www.ansonika.com/foogra/css/help.css]
[www.ansonika.com/foogra/css/blog.css]
[www.ansonika.com/foogra/html_rtl/coming_soon/assets/validate.js]
[www.ansonika.com/foogra/img/blog-single.jpg]
[www.ansonika.com/foogra/blog-post.html]
[www.ansonika.com/foogra/css/review.css]
[www.ansonika.com/foogra/css/contacts.css]
[www.ansonika.com/foogra/coming_soon/css/bootstrap.min.css]
[www.ansonika.com/foogra/coming_soon/css/style.css]
[www.ansonika.com/foogra/img/camera.svg]
[www.ansonika.com/foogra/coming_soon/fontello/font/fontello4508.eot]
[www.ansonika.com/foogra/coming_soon/fontello/font/fontello4508.woff]
[www.ansonika.com/foogra/coming_soon/fontello/font/fontello4508.ttf]
[www.ansonika.com/foogra/coming_soon/fontello/css/fontello.css]
[www.ansonika.com/foogra/coming_soon/fontello/css/animation.css]
[www.ansonika.com/foogra/coming_soon/img/logo.svg]
[www.ansonika.com/foogra/revolution-slider/fonts/font-awesome/fonts/fontawesome-webfont3e6e.svg]
[www.ansonika.com/foogra/revolution-slider/fonts/revicons/revicons90c6.svg]
[www.ansonika.com/foogra/revolution-slider/css/openhand.html]
[www.ansonika.com/foogra/revolution-slider/css/closedhand.html]
[ansonika.com/foogra/css/overlays/02.html]
[ansonika.com/foogra/css/images/layers.html]
[ansonika.com/foogra/css/images/layers-2x.html]
[www.ansonika.com/foogra/img/paypal_2.svg]
[www.ansonika.com/foogra/admin_section/img/arrow_down.svg]
[www.ansonika.com/foogra/admin_section/vendor/font-awesome/fonts/fontawesome-webfont3e6e.svg]
[www.ansonika.com/foogra/admin_section/vendor/animate.min.css]
[www.ansonika.com/foogra/admin_section/vendor/magnific-popup.css]
[www.ansonika.com/foogra/admin_section/vendor/dropzone.css]
[www.ansonika.com/foogra/admin_section/css/date_picker.css]
[www.ansonika.com/foogra/coming_soon/fontello/font/fontello4508.svg]
[www.ansonika.com/foogra/admin_section/js/editor/font/summernote9d3d.eot]
[www.ansonika.com/foogra/admin_section/js/editor/font/summernoted41d.eot]
[www.ansonika.com/foogra/admin_section/js/editor/font/summernote9d3d.woff]
[www.ansonika.com/foogra/admin_section/js/editor/font/summernote9d3d.ttf]
[www.ansonika.com/foogra/admin_section/js/editor/summernote-bs4.css]
[www.ansonika.com/foogra/admin_section/edit-order.html]
[www.ansonika.com/foogra/html_rtl/css/bs-icon-font/fonts/bootstrap-icons0107.woff2]
[www.ansonika.com/foogra/html_rtl/css/bs-icon-font/fonts/bootstrap-icons0107.woff]
[www.ansonika.com/foogra/html_rtl/css/bs-icon-font/bootstrap-icons.min.css]
[www.ansonika.com/foogra/html_rtl/css/icon_fonts/font/Glyphter.svg]
[www.ansonika.com/foogra/html_rtl/css/icon_fonts/font/food.svg]
[www.ansonika.com/foogra/html_rtl/css/icon_fonts/font/ElegantIcons.svg]
[www.ansonika.com/foogra/html_rtl/img/pattern_2.svg]
[www.ansonika.com/foogra/html_rtl/img/Facebook__logo.svg]
[www.ansonika.com/foogra/html_rtl/img/Google__G__Logo.svg]
[www.ansonika.com/foogra/html_rtl/img/drag_icon.svg]
[www.ansonika.com/foogra/html_rtl/img/pattern.svg]
[www.ansonika.com/foogra/html_rtl/img/paypal_2.svg]
[ansonika.com/foogra/html_rtl/css/about.html]
[www.ansonika.com/foogra/html_rtl/revolution-slider/fonts/font-awesome/fonts/fontawesome-webfont3e6e.eot]
[www.ansonika.com/foogra/html_rtl/revolution-slider/fonts/font-awesome/fonts/fontawesome-webfontd41d.eot]
[www.ansonika.com/foogra/html_rtl/revolution-slider/fonts/font-awesome/fonts/fontawesome-webfont3e6e.woff2]
[www.ansonika.com/foogra/html_rtl/revolution-slider/fonts/font-awesome/fonts/fontawesome-webfont3e6e.woff]
[www.ansonika.com/foogra/html_rtl/revolution-slider/fonts/font-awesome/fonts/fontawesome-webfont3e6e.ttf]
[www.ansonika.com/foogra/html_rtl/revolution-slider/fonts/font-awesome/css/font-awesome.css]
[www.ansonika.com/foogra/html_rtl/revolution-slider/fonts/font-awesome/fonts/fontawesome-webfont3e6e.svg]
[www.ansonika.com/foogra/html_rtl/revolution-slider/fonts/revicons/revicons90c6.eot]
[www.ansonika.com/foogra/html_rtl/revolution-slider/fonts/revicons/revicons90c6.woff]
[www.ansonika.com/foogra/html_rtl/revolution-slider/fonts/revicons/revicons90c6.ttf]
[www.ansonika.com/foogra/html_rtl/revolution-slider/fonts/revicons/revicons90c6.svg]
[www.ansonika.com/foogra/html_rtl/revolution-slider/assets/gridtile.png]
[www.ansonika.com/foogra/html_rtl/revolution-slider/assets/gridtile_white.png]
[www.ansonika.com/foogra/html_rtl/revolution-slider/assets/gridtile_3x3.png]
[www.ansonika.com/foogra/html_rtl/revolution-slider/assets/gridtile_3x3_white.png]
[www.ansonika.com/foogra/html_rtl/revolution-slider/assets/coloredbg.png]
[www.ansonika.com/foogra/html_rtl/revolution-slider/assets/loader.gif]
[www.ansonika.com/foogra/html_rtl/revolution-slider/css/settings.css]
[www.ansonika.com/foogra/html_rtl/revolution-slider/css/layers.css]
[www.ansonika.com/foogra/html_rtl/revolution-slider/css/navigation.css]
[ansonika.com/foogra/html_rtl/css/overlays/02.232.delayed]
[www.ansonika.com/foogra/html_rtl/css/vegas.min.css]
[www.ansonika.com/foogra/html_rtl/css/modal_popup.css]
[www.ansonika.com/foogra/html_rtl/img/map_bt_bg.png]
[www.ansonika.com/foogra/html_rtl/css/listing.css]
[www.ansonika.com/foogra/html_rtl/css/detail-page.css]
[www.ansonika.com/foogra/html_rtl/css/detail-page-delivery.css]
[ansonika.com/foogra/html_rtl/css/images/layers.png]
[ansonika.com/foogra/html_rtl/css/images/layers-2x.png]
[www.ansonika.com/foogra/html_rtl/css/leaflet.css]
[www.ansonika.com/foogra/html_rtl/css/submit.css]
[www.ansonika.com/foogra/html_rtl/img/about_1.svg]
[www.ansonika.com/foogra/html_rtl/img/about_2.svg]
[www.ansonika.com/foogra/html_rtl/img/about_3.svg]
[www.ansonika.com/foogra/html_rtl/css/submit-rider.css]
[www.ansonika.com/foogra/html_rtl/css/wizard.css]
[www.ansonika.com/foogra/html_rtl/img/icon_submit_1.svg]
[www.ansonika.com/foogra/html_rtl/img/icon_submit_2.svg]
[www.ansonika.com/foogra/html_rtl/img/icon_submit_3.svg]
[www.ansonika.com/foogra/html_rtl/css/booking-sign_up.css]
[www.ansonika.com/foogra/html_rtl/css/error.css]
[www.ansonika.com/foogra/html_rtl/img/404.svg]
[www.ansonika.com/foogra/html_rtl/css/help.css]
[www.ansonika.com/foogra/html_rtl/css/blog.css]
[www.ansonika.com/foogra/html_rtl/img/blog-single.jpg]
[www.ansonika.com/foogra/html_rtl/blog-post.html]
[www.ansonika.com/foogra/html_rtl/css/review.css]
[www.ansonika.com/foogra/html_rtl/css/contacts.css]
[www.ansonika.com/foogra/html_rtl/coming_soon/css/bootstrap.min.css]
[www.ansonika.com/foogra/html_rtl/coming_soon/css/style.css]
[www.ansonika.com/foogra/html_rtl/img/camera.svg]
[www.ansonika.com/foogra/html_rtl/coming_soon/fontello/font/fontello4508.eot]
[www.ansonika.com/foogra/html_rtl/coming_soon/fontello/font/fontello4508.woff]
[www.ansonika.com/foogra/html_rtl/coming_soon/fontello/font/fontello4508.ttf]
[www.ansonika.com/foogra/html_rtl/coming_soon/fontello/css/fontello.css]
[www.ansonika.com/foogra/html_rtl/coming_soon/fontello/css/animation.css]
[www.ansonika.com/foogra/html_rtl/coming_soon/img/logo.svg]
[www.ansonika.com/foogra/img/camera.svg]
[www.ansonika.com/foogra/coming_soon/fontello/font/fontello4508.svg]
[www.ansonika.com/foogra/html_rtl/revolution-slider/fonts/font-awesome/fonts/fontawesome-webfont3e6e.svg]
[www.ansonika.com/foogra/html_rtl/revolution-slider/fonts/revicons/revicons90c6.svg]
[www.ansonika.com/foogra/html_rtl/revolution-slider/css/openhand.html]
[www.ansonika.com/foogra/html_rtl/revolution-slider/css/closedhand.html]
[ansonika.com/foogra/html_rtl/css/overlays/02.html]
[ansonika.com/foogra/html_rtl/css/images/layers.html]
[ansonika.com/foogra/html_rtl/css/images/layers-2x.html]
[www.ansonika.com/foogra/html_rtl/img/camera.svg]
[www.ansonika.com/foogra/html_rtl/coming_soon/fontello/font/fontello4508.svg]
[www.ansonika.com/foogra/html_rtl/coming_soon/fontello/font/fontello4508.svg]
